Archive member included to satisfy reference by file (symbol)

c:/program files (x86)/gnu arm embedded toolchain/10 2021.10/bin/../lib/gcc/arm-none-eabi/10.3.1/../../../../arm-none-eabi/lib/thumb/v7e-m+fp/hard\libg.a(lib_a-errno.o)
                              build/release/out/c/syscalls.o (__errno)
c:/program files (x86)/gnu arm embedded toolchain/10 2021.10/bin/../lib/gcc/arm-none-eabi/10.3.1/../../../../arm-none-eabi/lib/thumb/v7e-m+fp/hard\libg.a(lib_a-exit.o)
                              c:/program files (x86)/gnu arm embedded toolchain/10 2021.10/bin/../lib/gcc/arm-none-eabi/10.3.1/../../../../arm-none-eabi/lib/thumb/v7e-m+fp/hard/crt0.o (exit)
c:/program files (x86)/gnu arm embedded toolchain/10 2021.10/bin/../lib/gcc/arm-none-eabi/10.3.1/../../../../arm-none-eabi/lib/thumb/v7e-m+fp/hard\libg.a(lib_a-impure.o)
                              c:/program files (x86)/gnu arm embedded toolchain/10 2021.10/bin/../lib/gcc/arm-none-eabi/10.3.1/../../../../arm-none-eabi/lib/thumb/v7e-m+fp/hard\libg.a(lib_a-exit.o) (_global_impure_ptr)
c:/program files (x86)/gnu arm embedded toolchain/10 2021.10/bin/../lib/gcc/arm-none-eabi/10.3.1/../../../../arm-none-eabi/lib/thumb/v7e-m+fp/hard\libg.a(lib_a-init.o)
                              c:/program files (x86)/gnu arm embedded toolchain/10 2021.10/bin/../lib/gcc/arm-none-eabi/10.3.1/../../../../arm-none-eabi/lib/thumb/v7e-m+fp/hard/crt0.o (__libc_init_array)
c:/program files (x86)/gnu arm embedded toolchain/10 2021.10/bin/../lib/gcc/arm-none-eabi/10.3.1/../../../../arm-none-eabi/lib/thumb/v7e-m+fp/hard\libg.a(lib_a-memset.o)
                              c:/program files (x86)/gnu arm embedded toolchain/10 2021.10/bin/../lib/gcc/arm-none-eabi/10.3.1/../../../../arm-none-eabi/lib/thumb/v7e-m+fp/hard/crt0.o (memset)
c:/program files (x86)/gnu arm embedded toolchain/10 2021.10/bin/../lib/gcc/arm-none-eabi/10.3.1/../../../../arm-none-eabi/lib/thumb/v7e-m+fp/hard\libg.a(lib_a-__call_atexit.o)
                              c:/program files (x86)/gnu arm embedded toolchain/10 2021.10/bin/../lib/gcc/arm-none-eabi/10.3.1/../../../../arm-none-eabi/lib/thumb/v7e-m+fp/hard\libg.a(lib_a-exit.o) (__call_exitprocs)
c:/program files (x86)/gnu arm embedded toolchain/10 2021.10/bin/../lib/gcc/arm-none-eabi/10.3.1/../../../../arm-none-eabi/lib/thumb/v7e-m+fp/hard\libg.a(lib_a-atexit.o)
                              c:/program files (x86)/gnu arm embedded toolchain/10 2021.10/bin/../lib/gcc/arm-none-eabi/10.3.1/../../../../arm-none-eabi/lib/thumb/v7e-m+fp/hard\libg.a(lib_a-__call_atexit.o) (atexit)
c:/program files (x86)/gnu arm embedded toolchain/10 2021.10/bin/../lib/gcc/arm-none-eabi/10.3.1/../../../../arm-none-eabi/lib/thumb/v7e-m+fp/hard\libg.a(lib_a-fini.o)
                              c:/program files (x86)/gnu arm embedded toolchain/10 2021.10/bin/../lib/gcc/arm-none-eabi/10.3.1/../../../../arm-none-eabi/lib/thumb/v7e-m+fp/hard\libg.a(lib_a-__call_atexit.o) (__libc_fini_array)
c:/program files (x86)/gnu arm embedded toolchain/10 2021.10/bin/../lib/gcc/arm-none-eabi/10.3.1/../../../../arm-none-eabi/lib/thumb/v7e-m+fp/hard\libg.a(lib_a-lock.o)
                              c:/program files (x86)/gnu arm embedded toolchain/10 2021.10/bin/../lib/gcc/arm-none-eabi/10.3.1/../../../../arm-none-eabi/lib/thumb/v7e-m+fp/hard\libg.a(lib_a-__call_atexit.o) (__retarget_lock_acquire_recursive)
c:/program files (x86)/gnu arm embedded toolchain/10 2021.10/bin/../lib/gcc/arm-none-eabi/10.3.1/../../../../arm-none-eabi/lib/thumb/v7e-m+fp/hard\libg.a(lib_a-__atexit.o)
                              c:/program files (x86)/gnu arm embedded toolchain/10 2021.10/bin/../lib/gcc/arm-none-eabi/10.3.1/../../../../arm-none-eabi/lib/thumb/v7e-m+fp/hard\libg.a(lib_a-atexit.o) (__register_exitproc)

Memory Configuration

Name             Origin             Length             Attributes
RAM              0x20000000         0x00040000         xrw
RAM2             0x10000000         0x00010000         xrw
FLASH            0x08000000         0x00100000         xr
*default*        0x00000000         0xffffffff

Linker script and memory map

LOAD c:/program files (x86)/gnu arm embedded toolchain/10 2021.10/bin/../lib/gcc/arm-none-eabi/10.3.1/thumb/v7e-m+fp/hard/crti.o
LOAD c:/program files (x86)/gnu arm embedded toolchain/10 2021.10/bin/../lib/gcc/arm-none-eabi/10.3.1/thumb/v7e-m+fp/hard/crtbegin.o
LOAD c:/program files (x86)/gnu arm embedded toolchain/10 2021.10/bin/../lib/gcc/arm-none-eabi/10.3.1/../../../../arm-none-eabi/lib/thumb/v7e-m+fp/hard/crt0.o
LOAD build/release/out/c/main.o
LOAD build/release/out/c/stm32l4xx_hal_msp.o
LOAD build/release/out/c/stm32l4xx_it.o
LOAD build/release/out/c/sys.o
LOAD build/release/out/c/syscalls.o
LOAD build/release/out/c/sysmem.o
LOAD build/release/out/c/system_stm32l4xx.o
LOAD build/release/out/c/stm32l4xx_hal.o
LOAD build/release/out/c/stm32l4xx_hal_cortex.o
LOAD build/release/out/c/stm32l4xx_hal_dma.o
LOAD build/release/out/c/stm32l4xx_hal_dma_ex.o
LOAD build/release/out/c/stm32l4xx_hal_exti.o
LOAD build/release/out/c/stm32l4xx_hal_flash.o
LOAD build/release/out/c/stm32l4xx_hal_flash_ex.o
LOAD build/release/out/c/stm32l4xx_hal_flash_ramfunc.o
LOAD build/release/out/c/stm32l4xx_hal_gpio.o
LOAD build/release/out/c/stm32l4xx_hal_i2c.o
LOAD build/release/out/c/stm32l4xx_hal_i2c_ex.o
LOAD build/release/out/c/stm32l4xx_hal_pwr.o
LOAD build/release/out/c/stm32l4xx_hal_pwr_ex.o
LOAD build/release/out/c/stm32l4xx_hal_rcc.o
LOAD build/release/out/c/stm32l4xx_hal_rcc_ex.o
LOAD build/release/out/c/stm32l4xx_hal_tim.o
LOAD build/release/out/c/stm32l4xx_hal_tim_ex.o
LOAD build/release/out/asm/startup_stm32l496agix.o
START GROUP
LOAD c:/program files (x86)/gnu arm embedded toolchain/10 2021.10/bin/../lib/gcc/arm-none-eabi/10.3.1/thumb/v7e-m+fp/hard\libgcc.a
LOAD c:/program files (x86)/gnu arm embedded toolchain/10 2021.10/bin/../lib/gcc/arm-none-eabi/10.3.1/../../../../arm-none-eabi/lib/thumb/v7e-m+fp/hard\libg.a
LOAD c:/program files (x86)/gnu arm embedded toolchain/10 2021.10/bin/../lib/gcc/arm-none-eabi/10.3.1/../../../../arm-none-eabi/lib/thumb/v7e-m+fp/hard\libc.a
END GROUP
START GROUP
LOAD c:/program files (x86)/gnu arm embedded toolchain/10 2021.10/bin/../lib/gcc/arm-none-eabi/10.3.1/thumb/v7e-m+fp/hard\libgcc.a
LOAD c:/program files (x86)/gnu arm embedded toolchain/10 2021.10/bin/../lib/gcc/arm-none-eabi/10.3.1/../../../../arm-none-eabi/lib/thumb/v7e-m+fp/hard\libc.a
LOAD c:/program files (x86)/gnu arm embedded toolchain/10 2021.10/bin/../lib/gcc/arm-none-eabi/10.3.1/../../../../arm-none-eabi/lib/thumb/v7e-m+fp/hard\libnosys.a
END GROUP
LOAD c:/program files (x86)/gnu arm embedded toolchain/10 2021.10/bin/../lib/gcc/arm-none-eabi/10.3.1/thumb/v7e-m+fp/hard/crtend.o
LOAD c:/program files (x86)/gnu arm embedded toolchain/10 2021.10/bin/../lib/gcc/arm-none-eabi/10.3.1/thumb/v7e-m+fp/hard/crtn.o
                0x20040000                _estack = (ORIGIN (RAM) + LENGTH (RAM))
                0x00000200                _Min_Heap_Size = 0x200
                0x00000400                _Min_Stack_Size = 0x400

.isr_vector     0x08000000      0x1ac
                0x08000000                . = ALIGN (0x4)
 *(.isr_vector)
 .isr_vector    0x08000000      0x1ac build/release/out/asm/startup_stm32l496agix.o
                0x08000000                g_pfnVectors
                0x080001ac                . = ALIGN (0x4)

.text           0x080001ac     0x718c
                0x080001ac                . = ALIGN (0x4)
 *(.text)
 .text          0x080001ac        0x0 c:/program files (x86)/gnu arm embedded toolchain/10 2021.10/bin/../lib/gcc/arm-none-eabi/10.3.1/thumb/v7e-m+fp/hard/crti.o
 .text          0x080001ac       0x40 c:/program files (x86)/gnu arm embedded toolchain/10 2021.10/bin/../lib/gcc/arm-none-eabi/10.3.1/thumb/v7e-m+fp/hard/crtbegin.o
 .text          0x080001ec       0x7c c:/program files (x86)/gnu arm embedded toolchain/10 2021.10/bin/../lib/gcc/arm-none-eabi/10.3.1/../../../../arm-none-eabi/lib/thumb/v7e-m+fp/hard/crt0.o
                0x080001ec                _stack_init
                0x080001f4                _start
                0x080001f4                _mainCRTStartup
 .text          0x08000268        0x2 build/release/out/c/main.o
                0x08000268                AppMain
 *fill*         0x0800026a        0x2 
 .text          0x0800026c       0x30 build/release/out/c/stm32l4xx_hal_msp.o
                0x0800026c                HAL_MspInit
 .text          0x0800029c       0x14 build/release/out/c/stm32l4xx_it.o
                0x0800029c                NMI_Handler
                0x0800029e                HardFault_Handler
                0x080002a0                MemManage_Handler
                0x080002a2                BusFault_Handler
                0x080002a4                UsageFault_Handler
                0x080002a6                SVC_Handler
                0x080002a8                DebugMon_Handler
                0x080002aa                PendSV_Handler
                0x080002ac                SysTick_Handler
 .text          0x080002b0        0x0 build/release/out/c/sys.o
 .text          0x080002b0       0xdc build/release/out/c/syscalls.o
                0x080002b0                initialise_monitor_handles
                0x080002b2                _getpid
                0x080002b6                _kill
                0x080002c6                _exit
                0x080002d2                _read
                0x080002ee                _write
                0x0800030a                _close
                0x08000310                _fstat
                0x0800031a                _isatty
                0x0800031e                _lseek
                0x08000322                _open
                0x0800032c                _wait
                0x0800033c                _unlink
                0x0800034c                _times
                0x08000352                _stat
                0x0800035c                _link
                0x0800036c                _fork
                0x0800037c                _execve
 .text          0x0800038c       0x40 build/release/out/c/sysmem.o
                0x0800038c                _sbrk
 .text          0x080003cc       0xec build/release/out/c/system_stm32l4xx.o
                0x080003cc                SystemInit
                0x08000410                SystemCoreClockUpdate
 .text          0x080004b8      0x2b0 build/release/out/c/stm32l4xx_hal.o
                0x080004ba                HAL_MspDeInit
                0x080004bc                HAL_DeInit
                0x080004ec                HAL_InitTick
                0x08000534                HAL_Init
                0x08000552                HAL_IncTick
                0x08000568                HAL_GetTick
                0x08000574                HAL_GetTickPrio
                0x08000580                HAL_SetTickFreq
                0x080005a0                HAL_GetTickFreq
                0x080005ac                HAL_Delay
                0x080005d4                HAL_SuspendTick
                0x080005e2                HAL_ResumeTick
                0x080005f0                HAL_GetHalVersion
                0x080005f8                HAL_GetREVID
                0x08000604                HAL_GetDEVID
                0x08000614                HAL_GetUIDw0
                0x08000620                HAL_GetUIDw1
                0x0800062c                HAL_GetUIDw2
                0x08000638                HAL_DBGMCU_EnableDBGSleepMode
                0x08000648                HAL_DBGMCU_DisableDBGSleepMode
                0x08000658                HAL_DBGMCU_EnableDBGStopMode
                0x08000668                HAL_DBGMCU_DisableDBGStopMode
                0x08000678                HAL_DBGMCU_EnableDBGStandbyMode
                0x08000688                HAL_DBGMCU_DisableDBGStandbyMode
                0x08000698                HAL_SYSCFG_SRAM2Erase
                0x080006b4                HAL_SYSCFG_EnableMemorySwappingBank
                0x080006c0                HAL_SYSCFG_DisableMemorySwappingBank
                0x080006cc                HAL_SYSCFG_VREFBUF_VoltageScalingConfig
                0x080006e0                HAL_SYSCFG_VREFBUF_HighImpedanceConfig
                0x080006f4                HAL_SYSCFG_VREFBUF_TrimmingConfig
                0x08000708                HAL_SYSCFG_EnableVREFBUF
                0x08000738                HAL_SYSCFG_DisableVREFBUF
                0x08000748                HAL_SYSCFG_EnableIOAnalogSwitchBooster
                0x08000758                HAL_SYSCFG_DisableIOAnalogSwitchBooster
 .text          0x08000768      0x2b0 build/release/out/c/stm32l4xx_hal_cortex.o
                0x08000768                HAL_NVIC_SetPriorityGrouping
                0x0800078c                HAL_NVIC_SetPriority
                0x080007f0                HAL_NVIC_EnableIRQ
                0x0800080c                HAL_NVIC_DisableIRQ
                0x08000834                HAL_NVIC_SystemReset
                0x08000858                HAL_SYSTICK_Config
                0x08000880                HAL_NVIC_GetPriorityGrouping
                0x08000890                HAL_NVIC_GetPriority
                0x080008ec                HAL_NVIC_SetPendingIRQ
                0x0800090c                HAL_NVIC_GetPendingIRQ
                0x08000930                HAL_NVIC_ClearPendingIRQ
                0x08000950                HAL_NVIC_GetActive
                0x08000974                HAL_SYSTICK_CLKSourceConfig
                0x0800098a                HAL_SYSTICK_Callback
                0x0800098c                HAL_SYSTICK_IRQHandler
                0x08000994                HAL_MPU_Enable
                0x080009ac                HAL_MPU_Disable
                0x080009c0                HAL_MPU_ConfigRegion
 .text          0x08000a18      0x4ec build/release/out/c/stm32l4xx_hal_dma.o
                0x08000a18                HAL_DMA_Init
                0x08000af0                HAL_DMA_DeInit
                0x08000b90                HAL_DMA_Start
                0x08000bf2                HAL_DMA_Start_IT
                0x08000c70                HAL_DMA_Abort
                0x08000cb6                HAL_DMA_Abort_IT
                0x08000d02                HAL_DMA_PollForTransfer
                0x08000dce                HAL_DMA_IRQHandler
                0x08000e62                HAL_DMA_RegisterCallback
                0x08000ea6                HAL_DMA_UnRegisterCallback
                0x08000efa                HAL_DMA_GetState
                0x08000f00                HAL_DMA_GetError
 .text          0x08000f04        0x0 build/release/out/c/stm32l4xx_hal_dma_ex.o
 .text          0x08000f04      0x288 build/release/out/c/stm32l4xx_hal_exti.o
                0x08000f04                HAL_EXTI_SetConfigLine
                0x08000fb8                HAL_EXTI_GetConfigLine
                0x08001060                HAL_EXTI_ClearConfigLine
                0x080010ec                HAL_EXTI_RegisterCallback
                0x080010f8                HAL_EXTI_GetHandle
                0x08001104                HAL_EXTI_IRQHandler
                0x08001134                HAL_EXTI_GetPending
                0x08001154                HAL_EXTI_ClearPending
                0x08001170                HAL_EXTI_GenerateSWI
 .text          0x0800118c      0x318 build/release/out/c/stm32l4xx_hal_flash.o
                0x080011b8                HAL_FLASH_Program_IT
                0x0800122c                HAL_FLASH_EndOfOperationCallback
                0x0800122e                HAL_FLASH_OperationErrorCallback
                0x08001230                HAL_FLASH_IRQHandler
                0x08001318                HAL_FLASH_Unlock
                0x0800133c                HAL_FLASH_Lock
                0x08001350                HAL_FLASH_OB_Unlock
                0x08001374                HAL_FLASH_OB_Lock
                0x08001388                HAL_FLASH_GetError
                0x08001394                FLASH_WaitForLastOperation
                0x080013e8                HAL_FLASH_Program
                0x0800148c                HAL_FLASH_OB_Launch
 .text          0x080014a4      0x690 build/release/out/c/stm32l4xx_hal_flash_ex.o
                0x080014d0                HAL_FLASHEx_OBProgram
                0x080017f8                HAL_FLASHEx_OBGetConfig
                0x08001924                FLASH_PageErase
                0x08001960                HAL_FLASHEx_Erase_IT
                0x080019f4                FLASH_FlushCaches
                0x08001a4c                HAL_FLASHEx_Erase
 .text          0x08001b34        0x0 build/release/out/c/stm32l4xx_hal_flash_ramfunc.o
 .text          0x08001b34      0x344 build/release/out/c/stm32l4xx_hal_gpio.o
                0x08001b34                HAL_GPIO_Init
                0x08001ce8                HAL_GPIO_DeInit
                0x08001e0c                HAL_GPIO_ReadPin
                0x08001e18                HAL_GPIO_WritePin
                0x08001e22                HAL_GPIO_TogglePin
                0x08001e34                HAL_GPIO_LockPin
                0x08001e5e                HAL_GPIO_EXTI_Callback
                0x08001e60                HAL_GPIO_EXTI_IRQHandler
 .text          0x08001e78     0x2af0 build/release/out/c/stm32l4xx_hal_i2c.o
                0x08002246                HAL_I2C_MspInit
                0x08002248                HAL_I2C_Init
                0x080022ea                HAL_I2C_MspDeInit
                0x080022ec                HAL_I2C_DeInit
                0x0800231e                HAL_I2C_Master_Transmit
                0x0800244c                HAL_I2C_Master_Receive
                0x0800257c                HAL_I2C_Slave_Transmit
                0x080026b4                HAL_I2C_Slave_Receive
                0x080027de                HAL_I2C_Master_Transmit_IT
                0x08002868                HAL_I2C_Master_Receive_IT
                0x080028f0                HAL_I2C_Slave_Transmit_IT
                0x08002948                HAL_I2C_Slave_Receive_IT
                0x080029a0                HAL_I2C_Master_Transmit_DMA
                0x08002acc                HAL_I2C_Master_Receive_DMA
                0x08002bf8                HAL_I2C_Slave_Transmit_DMA
                0x08002cc8                HAL_I2C_Slave_Receive_DMA
                0x08002d9c                HAL_I2C_Mem_Write
                0x08002f08                HAL_I2C_Mem_Read
                0x08003080                HAL_I2C_Mem_Write_IT
                0x08003150                HAL_I2C_Mem_Read_IT
                0x08003224                HAL_I2C_Mem_Write_DMA
                0x08003364                HAL_I2C_Mem_Read_DMA
                0x080034a8                HAL_I2C_IsDeviceReady
                0x080035e2                HAL_I2C_Master_Seq_Transmit_IT
                0x08003688                HAL_I2C_Master_Seq_Transmit_DMA
                0x080037e0                HAL_I2C_Master_Seq_Receive_IT
                0x08003884                HAL_I2C_Master_Seq_Receive_DMA
                0x080039d8                HAL_I2C_Slave_Seq_Transmit_IT
                0x08003a94                HAL_I2C_Slave_Seq_Transmit_DMA
                0x08003bfc                HAL_I2C_Slave_Seq_Receive_IT
                0x08003cb8                HAL_I2C_Slave_Seq_Receive_DMA
                0x08003e1c                HAL_I2C_EnableListen_IT
                0x08003e44                HAL_I2C_DisableListen_IT
                0x08003e7c                HAL_I2C_Master_Abort_IT
                0x08003ef4                HAL_I2C_EV_IRQHandler
                0x08003f02                HAL_I2C_MasterTxCpltCallback
                0x08003f04                HAL_I2C_MasterRxCpltCallback
                0x08003f4a                HAL_I2C_SlaveTxCpltCallback
                0x08003f4c                HAL_I2C_SlaveRxCpltCallback
                0x08003ff2                HAL_I2C_AddrCallback
                0x0800407a                HAL_I2C_ListenCpltCallback
                0x080040dc                HAL_I2C_MemTxCpltCallback
                0x080040de                HAL_I2C_MemRxCpltCallback
                0x080040e0                HAL_I2C_ErrorCallback
                0x080040e2                HAL_I2C_AbortCpltCallback
                0x080048e0                HAL_I2C_ER_IRQHandler
                0x08004956                HAL_I2C_GetState
                0x0800495c                HAL_I2C_GetMode
                0x08004962                HAL_I2C_GetError
 .text          0x08004968      0x174 build/release/out/c/stm32l4xx_hal_i2c_ex.o
                0x08004968                HAL_I2CEx_ConfigAnalogFilter
                0x080049b4                HAL_I2CEx_ConfigDigitalFilter
                0x080049fe                HAL_I2CEx_EnableWakeUp
                0x08004a42                HAL_I2CEx_DisableWakeUp
                0x08004a86                HAL_I2CEx_EnableFastModePlus
                0x08004ab0                HAL_I2CEx_DisableFastModePlus
 .text          0x08004adc      0x1b8 build/release/out/c/stm32l4xx_hal_pwr.o
                0x08004adc                HAL_PWR_DeInit
                0x08004af4                HAL_PWR_EnableBkUpAccess
                0x08004b04                HAL_PWR_DisableBkUpAccess
                0x08004b14                HAL_PWR_ConfigPVD
                0x08004b84                HAL_PWR_EnablePVD
                0x08004b94                HAL_PWR_DisablePVD
                0x08004ba4                HAL_PWR_EnableWakeUpPin
                0x08004bc4                HAL_PWR_DisableWakeUpPin
                0x08004bd8                HAL_PWR_EnterSLEEPMode
                0x08004c18                HAL_PWR_EnterSTOPMode
                0x08004c2a                HAL_PWR_EnterSTANDBYMode
                0x08004c50                HAL_PWR_EnableSleepOnExit
                0x08004c60                HAL_PWR_DisableSleepOnExit
                0x08004c70                HAL_PWR_EnableSEVOnPend
                0x08004c80                HAL_PWR_DisableSEVOnPend
                0x08004c90                HAL_PWR_PVDCallback
 .text          0x08004c94      0x7b4 build/release/out/c/stm32l4xx_hal_pwr_ex.o
                0x08004c94                HAL_PWREx_GetVoltageRange
                0x08004ca4                HAL_PWREx_ControlVoltageScaling
                0x08004d10                HAL_PWREx_EnableBatteryCharging
                0x08004d2c                HAL_PWREx_DisableBatteryCharging
                0x08004d3c                HAL_PWREx_EnableVddUSB
                0x08004d4c                HAL_PWREx_DisableVddUSB
                0x08004d5c                HAL_PWREx_EnableVddIO2
                0x08004d6c                HAL_PWREx_DisableVddIO2
                0x08004d7c                HAL_PWREx_EnableInternalWakeUpLine
                0x08004d8c                HAL_PWREx_DisableInternalWakeUpLine
                0x08004d9c                HAL_PWREx_EnableGPIOPullUp
                0x08004e74                HAL_PWREx_DisableGPIOPullUp
                0x08004f08                HAL_PWREx_EnableGPIOPullDown
                0x08004fe0                HAL_PWREx_DisableGPIOPullDown
                0x0800507c                HAL_PWREx_EnablePullUpPullDownConfig
                0x0800508c                HAL_PWREx_DisablePullUpPullDownConfig
                0x0800509c                HAL_PWREx_EnableSRAM2ContentRetention
                0x080050ac                HAL_PWREx_SetSRAM2ContentRetention
                0x080050d8                HAL_PWREx_DisableSRAM2ContentRetention
                0x080050de                HAL_PWREx_EnablePVM1
                0x080050f0                HAL_PWREx_DisablePVM1
                0x08005100                HAL_PWREx_EnablePVM2
                0x08005110                HAL_PWREx_DisablePVM2
                0x08005120                HAL_PWREx_EnablePVM3
                0x08005130                HAL_PWREx_DisablePVM3
                0x08005140                HAL_PWREx_EnablePVM4
                0x08005150                HAL_PWREx_DisablePVM4
                0x08005160                HAL_PWREx_ConfigPVM
                0x080052d4                HAL_PWREx_EnableLowPowerRunMode
                0x080052e4                HAL_PWREx_DisableLowPowerRunMode
                0x08005324                HAL_PWREx_EnterSTOP0Mode
                0x08005358                HAL_PWREx_EnterSTOP1Mode
                0x08005390                HAL_PWREx_EnterSTOP2Mode
                0x080053c8                HAL_PWREx_EnterSHUTDOWNMode
                0x080053ec                HAL_PWREx_PVM1Callback
                0x080053ee                HAL_PWREx_PVM2Callback
                0x080053f0                HAL_PWREx_PVM3Callback
                0x080053f2                HAL_PWREx_PVM4Callback
                0x080053f4                HAL_PWREx_PVD_PVM_IRQHandler
 .text          0x08005448      0xa54 build/release/out/c/stm32l4xx_hal_rcc.o
                0x080054cc                HAL_RCC_DeInit
                0x080055ac                HAL_RCC_MCOConfig
                0x080055fc                HAL_RCC_GetSysClockFreq
                0x08005698                HAL_RCC_OscConfig
                0x08005bf4                HAL_RCC_ClockConfig
                0x08005d1c                HAL_RCC_GetHCLKFreq
                0x08005d28                HAL_RCC_GetPCLK1Freq
                0x08005d4c                HAL_RCC_GetPCLK2Freq
                0x08005d70                HAL_RCC_GetOscConfig
                0x08005e34                HAL_RCC_GetClockConfig
                0x08005e70                HAL_RCC_EnableCSS
                0x08005e80                HAL_RCC_CSSCallback
                0x08005e82                HAL_RCC_NMI_IRQHandler
 .text          0x08005e9c     0x1130 build/release/out/c/stm32l4xx_hal_rcc_ex.o
                0x08006194                HAL_RCCEx_PeriphCLKConfig
                0x08006584                HAL_RCCEx_GetPeriphCLKConfig
                0x080066d0                HAL_RCCEx_GetPeriphCLKFreq
                0x08006afa                HAL_RCCEx_EnablePLLSAI1
                0x08006b80                HAL_RCCEx_DisablePLLSAI1
                0x08006bcc                HAL_RCCEx_EnablePLLSAI2
                0x08006c48                HAL_RCCEx_DisablePLLSAI2
                0x08006c94                HAL_RCCEx_WakeUpStopCLKConfig
                0x08006ca8                HAL_RCCEx_StandbyMSIRangeConfig
                0x08006cc0                HAL_RCCEx_EnableLSECSS
                0x08006cd4                HAL_RCCEx_DisableLSECSS
                0x08006cf0                HAL_RCCEx_EnableLSECSS_IT
                0x08006d20                HAL_RCCEx_LSECSS_Callback
                0x08006d22                HAL_RCCEx_LSECSS_IRQHandler
                0x08006d3c                HAL_RCCEx_EnableLSCO
                0x08006dcc                HAL_RCCEx_DisableLSCO
                0x08006e28                HAL_RCCEx_EnableMSIPLLMode
                0x08006e38                HAL_RCCEx_DisableMSIPLLMode
                0x08006e48                HAL_RCCEx_CRSConfig
                0x08006e94                HAL_RCCEx_CRSSoftwareSynchronizationGenerate
                0x08006ea4                HAL_RCCEx_CRSGetSynchronizationInfo
                0x08006ec8                HAL_RCCEx_CRSWaitSynchronization
                0x08006f50                HAL_RCCEx_CRS_SyncOkCallback
                0x08006f52                HAL_RCCEx_CRS_SyncWarnCallback
                0x08006f54                HAL_RCCEx_CRS_ExpectedSyncCallback
                0x08006f56                HAL_RCCEx_CRS_ErrorCallback
                0x08006f58                HAL_RCCEx_CRS_IRQHandler
 .text          0x08006fcc        0x0 build/release/out/c/stm32l4xx_hal_tim.o
 .text          0x08006fcc        0x0 build/release/out/c/stm32l4xx_hal_tim_ex.o
 .text          0x08006fcc       0x14 build/release/out/asm/startup_stm32l496agix.o
 .text          0x08006fe0        0x0 c:/program files (x86)/gnu arm embedded toolchain/10 2021.10/bin/../lib/gcc/arm-none-eabi/10.3.1/../../../../arm-none-eabi/lib/thumb/v7e-m+fp/hard\libg.a(lib_a-errno.o)
 .text          0x08006fe0        0x0 c:/program files (x86)/gnu arm embedded toolchain/10 2021.10/bin/../lib/gcc/arm-none-eabi/10.3.1/../../../../arm-none-eabi/lib/thumb/v7e-m+fp/hard\libg.a(lib_a-exit.o)
 .text          0x08006fe0        0x0 c:/program files (x86)/gnu arm embedded toolchain/10 2021.10/bin/../lib/gcc/arm-none-eabi/10.3.1/../../../../arm-none-eabi/lib/thumb/v7e-m+fp/hard\libg.a(lib_a-impure.o)
 .text          0x08006fe0        0x0 c:/program files (x86)/gnu arm embedded toolchain/10 2021.10/bin/../lib/gcc/arm-none-eabi/10.3.1/../../../../arm-none-eabi/lib/thumb/v7e-m+fp/hard\libg.a(lib_a-init.o)
 .text          0x08006fe0        0x0 c:/program files (x86)/gnu arm embedded toolchain/10 2021.10/bin/../lib/gcc/arm-none-eabi/10.3.1/../../../../arm-none-eabi/lib/thumb/v7e-m+fp/hard\libg.a(lib_a-memset.o)
 .text          0x08006fe0        0x0 c:/program files (x86)/gnu arm embedded toolchain/10 2021.10/bin/../lib/gcc/arm-none-eabi/10.3.1/../../../../arm-none-eabi/lib/thumb/v7e-m+fp/hard\libg.a(lib_a-__call_atexit.o)
 .text          0x08006fe0        0x0 c:/program files (x86)/gnu arm embedded toolchain/10 2021.10/bin/../lib/gcc/arm-none-eabi/10.3.1/../../../../arm-none-eabi/lib/thumb/v7e-m+fp/hard\libg.a(lib_a-atexit.o)
 .text          0x08006fe0        0x0 c:/program files (x86)/gnu arm embedded toolchain/10 2021.10/bin/../lib/gcc/arm-none-eabi/10.3.1/../../../../arm-none-eabi/lib/thumb/v7e-m+fp/hard\libg.a(lib_a-fini.o)
 .text          0x08006fe0        0x0 c:/program files (x86)/gnu arm embedded toolchain/10 2021.10/bin/../lib/gcc/arm-none-eabi/10.3.1/../../../../arm-none-eabi/lib/thumb/v7e-m+fp/hard\libg.a(lib_a-lock.o)
 .text          0x08006fe0        0x0 c:/program files (x86)/gnu arm embedded toolchain/10 2021.10/bin/../lib/gcc/arm-none-eabi/10.3.1/../../../../arm-none-eabi/lib/thumb/v7e-m+fp/hard\libg.a(lib_a-__atexit.o)
 .text          0x08006fe0        0x0 c:/program files (x86)/gnu arm embedded toolchain/10 2021.10/bin/../lib/gcc/arm-none-eabi/10.3.1/thumb/v7e-m+fp/hard/crtend.o
 .text          0x08006fe0        0x0 c:/program files (x86)/gnu arm embedded toolchain/10 2021.10/bin/../lib/gcc/arm-none-eabi/10.3.1/thumb/v7e-m+fp/hard/crtn.o
 *(.text*)
 .text.startup  0x08006fe0        0x2 build/release/out/c/main.o
                0x08006fe0                main
 *fill*         0x08006fe2        0x2 
 .text.Reset_Handler
                0x08006fe4       0x50 build/release/out/asm/startup_stm32l496agix.o
                0x08006fe4                Reset_Handler
 .text.Default_Handler
                0x08007034        0x2 build/release/out/asm/startup_stm32l496agix.o
                0x08007034                RTC_Alarm_IRQHandler
                0x08007034                EXTI2_IRQHandler
                0x08007034                TIM8_TRG_COM_IRQHandler
                0x08007034                TIM8_CC_IRQHandler
                0x08007034                TIM1_CC_IRQHandler
                0x08007034                TSC_IRQHandler
                0x08007034                TAMP_STAMP_IRQHandler
                0x08007034                CAN2_RX1_IRQHandler
                0x08007034                EXTI3_IRQHandler
                0x08007034                LPTIM2_IRQHandler
                0x08007034                DFSDM1_FLT1_IRQHandler
                0x08007034                I2C3_ER_IRQHandler
                0x08007034                DFSDM1_FLT2_IRQHandler
                0x08007034                EXTI0_IRQHandler
                0x08007034                I2C2_EV_IRQHandler
                0x08007034                CAN1_RX0_IRQHandler
                0x08007034                FPU_IRQHandler
                0x08007034                TIM1_UP_TIM16_IRQHandler
                0x08007034                CAN2_SCE_IRQHandler
                0x08007034                ADC1_2_IRQHandler
                0x08007034                SPI1_IRQHandler
                0x08007034                TIM6_DAC_IRQHandler
                0x08007034                DCMI_IRQHandler
                0x08007034                CAN2_RX0_IRQHandler
                0x08007034                TIM8_UP_IRQHandler
                0x08007034                DMA2_Channel2_IRQHandler
                0x08007034                DMA1_Channel4_IRQHandler
                0x08007034                SAI2_IRQHandler
                0x08007034                DFSDM1_FLT3_IRQHandler
                0x08007034                USART3_IRQHandler
                0x08007034                DMA1_Channel7_IRQHandler
                0x08007034                CAN1_RX1_IRQHandler
                0x08007034                LCD_IRQHandler
                0x08007034                UART5_IRQHandler
                0x08007034                ADC3_IRQHandler
                0x08007034                TIM4_IRQHandler
                0x08007034                DMA2_Channel1_IRQHandler
                0x08007034                QUADSPI_IRQHandler
                0x08007034                I2C1_EV_IRQHandler
                0x08007034                DMA1_Channel6_IRQHandler
                0x08007034                UART4_IRQHandler
                0x08007034                DMA2_Channel4_IRQHandler
                0x08007034                TIM3_IRQHandler
                0x08007034                RCC_IRQHandler
                0x08007034                DMA1_Channel1_IRQHandler
                0x08007034                Default_Handler
                0x08007034                DMA2_Channel7_IRQHandler
                0x08007034                EXTI15_10_IRQHandler
                0x08007034                TIM7_IRQHandler
                0x08007034                SDMMC1_IRQHandler
                0x08007034                CAN2_TX_IRQHandler
                0x08007034                TIM5_IRQHandler
                0x08007034                I2C3_EV_IRQHandler
                0x08007034                EXTI9_5_IRQHandler
                0x08007034                RTC_WKUP_IRQHandler
                0x08007034                PVD_PVM_IRQHandler
                0x08007034                SPI2_IRQHandler
                0x08007034                CAN1_TX_IRQHandler
                0x08007034                DMA2_Channel5_IRQHandler
                0x08007034                CRS_IRQHandler
                0x08007034                DMA1_Channel5_IRQHandler
                0x08007034                EXTI4_IRQHandler
                0x08007034                RNG_IRQHandler
                0x08007034                TIM1_TRG_COM_TIM17_IRQHandler
                0x08007034                DMA1_Channel3_IRQHandler
                0x08007034                COMP_IRQHandler
                0x08007034                WWDG_IRQHandler
                0x08007034                I2C4_EV_IRQHandler
                0x08007034                LPUART1_IRQHandler
                0x08007034                DMA2_Channel6_IRQHandler
                0x08007034                TIM2_IRQHandler
                0x08007034                EXTI1_IRQHandler
                0x08007034                USART2_IRQHandler
                0x08007034                DFSDM1_FLT0_IRQHandler
                0x08007034                I2C2_ER_IRQHandler
                0x08007034                DMA1_Channel2_IRQHandler
                0x08007034                TIM8_BRK_IRQHandler
                0x08007034                CAN1_SCE_IRQHandler
                0x08007034                FLASH_IRQHandler
                0x08007034                USART1_IRQHandler
                0x08007034                OTG_FS_IRQHandler
                0x08007034                SPI3_IRQHandler
                0x08007034                I2C1_ER_IRQHandler
                0x08007034                FMC_IRQHandler
                0x08007034                SWPMI1_IRQHandler
                0x08007034                LPTIM1_IRQHandler
                0x08007034                I2C4_ER_IRQHandler
                0x08007034                SAI1_IRQHandler
                0x08007034                DMA2_Channel3_IRQHandler
                0x08007034                TIM1_BRK_TIM15_IRQHandler
 *fill*         0x08007036        0x2 
 .text.__errno  0x08007038        0xc c:/program files (x86)/gnu arm embedded toolchain/10 2021.10/bin/../lib/gcc/arm-none-eabi/10.3.1/../../../../arm-none-eabi/lib/thumb/v7e-m+fp/hard\libg.a(lib_a-errno.o)
                0x08007038                __errno
 .text.exit     0x08007044       0x20 c:/program files (x86)/gnu arm embedded toolchain/10 2021.10/bin/../lib/gcc/arm-none-eabi/10.3.1/../../../../arm-none-eabi/lib/thumb/v7e-m+fp/hard\libg.a(lib_a-exit.o)
                0x08007044                exit
 .text.__libc_init_array
                0x08007064       0x48 c:/program files (x86)/gnu arm embedded toolchain/10 2021.10/bin/../lib/gcc/arm-none-eabi/10.3.1/../../../../arm-none-eabi/lib/thumb/v7e-m+fp/hard\libg.a(lib_a-init.o)
                0x08007064                __libc_init_array
 .text.memset   0x080070ac       0xa4 c:/program files (x86)/gnu arm embedded toolchain/10 2021.10/bin/../lib/gcc/arm-none-eabi/10.3.1/../../../../arm-none-eabi/lib/thumb/v7e-m+fp/hard\libg.a(lib_a-memset.o)
                0x080070ac                memset
 .text.startup.register_fini
                0x08007150       0x14 c:/program files (x86)/gnu arm embedded toolchain/10 2021.10/bin/../lib/gcc/arm-none-eabi/10.3.1/../../../../arm-none-eabi/lib/thumb/v7e-m+fp/hard\libg.a(lib_a-__call_atexit.o)
 .text.__call_exitprocs
                0x08007164       0xcc c:/program files (x86)/gnu arm embedded toolchain/10 2021.10/bin/../lib/gcc/arm-none-eabi/10.3.1/../../../../arm-none-eabi/lib/thumb/v7e-m+fp/hard\libg.a(lib_a-__call_atexit.o)
                0x08007164                __call_exitprocs
 .text.atexit   0x08007230        0xc c:/program files (x86)/gnu arm embedded toolchain/10 2021.10/bin/../lib/gcc/arm-none-eabi/10.3.1/../../../../arm-none-eabi/lib/thumb/v7e-m+fp/hard\libg.a(lib_a-atexit.o)
                0x08007230                atexit
 .text.__libc_fini_array
                0x0800723c       0x2c c:/program files (x86)/gnu arm embedded toolchain/10 2021.10/bin/../lib/gcc/arm-none-eabi/10.3.1/../../../../arm-none-eabi/lib/thumb/v7e-m+fp/hard\libg.a(lib_a-fini.o)
                0x0800723c                __libc_fini_array
 .text.__retarget_lock_init
                0x08007268        0x4 c:/program files (x86)/gnu arm embedded toolchain/10 2021.10/bin/../lib/gcc/arm-none-eabi/10.3.1/../../../../arm-none-eabi/lib/thumb/v7e-m+fp/hard\libg.a(lib_a-lock.o)
                0x08007268                __retarget_lock_init
 .text.__retarget_lock_init_recursive
                0x0800726c        0x4 c:/program files (x86)/gnu arm embedded toolchain/10 2021.10/bin/../lib/gcc/arm-none-eabi/10.3.1/../../../../arm-none-eabi/lib/thumb/v7e-m+fp/hard\libg.a(lib_a-lock.o)
                0x0800726c                __retarget_lock_init_recursive
 .text.__retarget_lock_close
                0x08007270        0x4 c:/program files (x86)/gnu arm embedded toolchain/10 2021.10/bin/../lib/gcc/arm-none-eabi/10.3.1/../../../../arm-none-eabi/lib/thumb/v7e-m+fp/hard\libg.a(lib_a-lock.o)
                0x08007270                __retarget_lock_close
 .text.__retarget_lock_close_recursive
                0x08007274        0x4 c:/program files (x86)/gnu arm embedded toolchain/10 2021.10/bin/../lib/gcc/arm-none-eabi/10.3.1/../../../../arm-none-eabi/lib/thumb/v7e-m+fp/hard\libg.a(lib_a-lock.o)
                0x08007274                __retarget_lock_close_recursive
 .text.__retarget_lock_acquire
                0x08007278        0x4 c:/program files (x86)/gnu arm embedded toolchain/10 2021.10/bin/../lib/gcc/arm-none-eabi/10.3.1/../../../../arm-none-eabi/lib/thumb/v7e-m+fp/hard\libg.a(lib_a-lock.o)
                0x08007278                __retarget_lock_acquire
 .text.__retarget_lock_acquire_recursive
                0x0800727c        0x4 c:/program files (x86)/gnu arm embedded toolchain/10 2021.10/bin/../lib/gcc/arm-none-eabi/10.3.1/../../../../arm-none-eabi/lib/thumb/v7e-m+fp/hard\libg.a(lib_a-lock.o)
                0x0800727c                __retarget_lock_acquire_recursive
 .text.__retarget_lock_try_acquire
                0x08007280        0x4 c:/program files (x86)/gnu arm embedded toolchain/10 2021.10/bin/../lib/gcc/arm-none-eabi/10.3.1/../../../../arm-none-eabi/lib/thumb/v7e-m+fp/hard\libg.a(lib_a-lock.o)
                0x08007280                __retarget_lock_try_acquire
 .text.__retarget_lock_try_acquire_recursive
                0x08007284        0x4 c:/program files (x86)/gnu arm embedded toolchain/10 2021.10/bin/../lib/gcc/arm-none-eabi/10.3.1/../../../../arm-none-eabi/lib/thumb/v7e-m+fp/hard\libg.a(lib_a-lock.o)
                0x08007284                __retarget_lock_try_acquire_recursive
 .text.__retarget_lock_release
                0x08007288        0x4 c:/program files (x86)/gnu arm embedded toolchain/10 2021.10/bin/../lib/gcc/arm-none-eabi/10.3.1/../../../../arm-none-eabi/lib/thumb/v7e-m+fp/hard\libg.a(lib_a-lock.o)
                0x08007288                __retarget_lock_release
 .text.__retarget_lock_release_recursive
                0x0800728c        0x4 c:/program files (x86)/gnu arm embedded toolchain/10 2021.10/bin/../lib/gcc/arm-none-eabi/10.3.1/../../../../arm-none-eabi/lib/thumb/v7e-m+fp/hard\libg.a(lib_a-lock.o)
                0x0800728c                __retarget_lock_release_recursive
 .text.__register_exitproc
                0x08007290       0x8c c:/program files (x86)/gnu arm embedded toolchain/10 2021.10/bin/../lib/gcc/arm-none-eabi/10.3.1/../../../../arm-none-eabi/lib/thumb/v7e-m+fp/hard\libg.a(lib_a-__atexit.o)
                0x08007290                __register_exitproc
 *(.glue_7)
 .glue_7        0x0800731c        0x0 linker stubs
 *(.glue_7t)
 .glue_7t       0x0800731c        0x0 linker stubs
 *(.eh_frame)
 .eh_frame      0x0800731c        0x0 c:/program files (x86)/gnu arm embedded toolchain/10 2021.10/bin/../lib/gcc/arm-none-eabi/10.3.1/thumb/v7e-m+fp/hard/crtbegin.o
 .eh_frame      0x0800731c        0x4 c:/program files (x86)/gnu arm embedded toolchain/10 2021.10/bin/../lib/gcc/arm-none-eabi/10.3.1/thumb/v7e-m+fp/hard/crtend.o
 *(.init)
 .init          0x08007320        0x4 c:/program files (x86)/gnu arm embedded toolchain/10 2021.10/bin/../lib/gcc/arm-none-eabi/10.3.1/thumb/v7e-m+fp/hard/crti.o
                0x08007320                _init
 .init          0x08007324        0x8 c:/program files (x86)/gnu arm embedded toolchain/10 2021.10/bin/../lib/gcc/arm-none-eabi/10.3.1/thumb/v7e-m+fp/hard/crtn.o
 *(.fini)
 .fini          0x0800732c        0x4 c:/program files (x86)/gnu arm embedded toolchain/10 2021.10/bin/../lib/gcc/arm-none-eabi/10.3.1/thumb/v7e-m+fp/hard/crti.o
                0x0800732c                _fini
 .fini          0x08007330        0x8 c:/program files (x86)/gnu arm embedded toolchain/10 2021.10/bin/../lib/gcc/arm-none-eabi/10.3.1/thumb/v7e-m+fp/hard/crtn.o
                0x08007338                . = ALIGN (0x4)
                0x08007338                _etext = .

.vfp11_veneer   0x08007338        0x0
 .vfp11_veneer  0x08007338        0x0 linker stubs

.v4_bx          0x08007338        0x0
 .v4_bx         0x08007338        0x0 linker stubs

.iplt           0x08007338        0x0
 .iplt          0x08007338        0x0 c:/program files (x86)/gnu arm embedded toolchain/10 2021.10/bin/../lib/gcc/arm-none-eabi/10.3.1/thumb/v7e-m+fp/hard/crtbegin.o

.rodata         0x08007338       0x94
                0x08007338                . = ALIGN (0x4)
 *(.rodata)
 .rodata        0x08007338       0x24 c:/program files (x86)/gnu arm embedded toolchain/10 2021.10/bin/../lib/gcc/arm-none-eabi/10.3.1/thumb/v7e-m+fp/hard/crtbegin.o
 .rodata        0x0800735c       0x48 build/release/out/c/system_stm32l4xx.o
                0x0800735c                MSIRangeTable
                0x0800738c                AHBPrescTable
                0x0800739c                APBPrescTable
 .rodata        0x080073a4       0x24 c:/program files (x86)/gnu arm embedded toolchain/10 2021.10/bin/../lib/gcc/arm-none-eabi/10.3.1/thumb/v7e-m+fp/hard/crtend.o
 *(.rodata*)
 .rodata._global_impure_ptr
                0x080073c8        0x4 c:/program files (x86)/gnu arm embedded toolchain/10 2021.10/bin/../lib/gcc/arm-none-eabi/10.3.1/../../../../arm-none-eabi/lib/thumb/v7e-m+fp/hard\libg.a(lib_a-impure.o)
                0x080073c8                _global_impure_ptr
                0x080073cc                . = ALIGN (0x4)

.ARM.extab      0x080073cc        0x0
                0x080073cc                . = ALIGN (0x4)
 *(.ARM.extab* .gnu.linkonce.armextab.*)
 .ARM.extab     0x080073cc        0x0 c:/program files (x86)/gnu arm embedded toolchain/10 2021.10/bin/../lib/gcc/arm-none-eabi/10.3.1/../../../../arm-none-eabi/lib/thumb/v7e-m+fp/hard/crt0.o
                0x080073cc                . = ALIGN (0x4)

.ARM            0x080073cc        0x8
                0x080073cc                . = ALIGN (0x4)
                0x080073cc                __exidx_start = .
 *(.ARM.exidx*)
 .ARM.exidx     0x080073cc        0x8 c:/program files (x86)/gnu arm embedded toolchain/10 2021.10/bin/../lib/gcc/arm-none-eabi/10.3.1/../../../../arm-none-eabi/lib/thumb/v7e-m+fp/hard/crt0.o
                                 0x10 (size before relaxing)
                0x080073d4                __exidx_end = .
                0x080073d4                . = ALIGN (0x4)

.rel.dyn        0x080073d4        0x0
 .rel.iplt      0x080073d4        0x0 c:/program files (x86)/gnu arm embedded toolchain/10 2021.10/bin/../lib/gcc/arm-none-eabi/10.3.1/thumb/v7e-m+fp/hard/crtbegin.o

.preinit_array  0x080073d4        0x0
                0x080073d4                . = ALIGN (0x4)
                0x080073d4                PROVIDE (__preinit_array_start = .)
 *(.preinit_array*)
                0x080073d4                PROVIDE (__preinit_array_end = .)
                0x080073d4                . = ALIGN (0x4)

.init_array     0x080073d4        0x8
                0x080073d4                . = ALIGN (0x4)
                0x080073d4                PROVIDE (__init_array_start = .)
 *(SORT_BY_NAME(.init_array.*))
 .init_array.00000
                0x080073d4        0x4 c:/program files (x86)/gnu arm embedded toolchain/10 2021.10/bin/../lib/gcc/arm-none-eabi/10.3.1/../../../../arm-none-eabi/lib/thumb/v7e-m+fp/hard\libg.a(lib_a-__call_atexit.o)
 *(.init_array*)
 .init_array    0x080073d8        0x4 c:/program files (x86)/gnu arm embedded toolchain/10 2021.10/bin/../lib/gcc/arm-none-eabi/10.3.1/thumb/v7e-m+fp/hard/crtbegin.o
                0x080073dc                PROVIDE (__init_array_end = .)
                0x080073dc                . = ALIGN (0x4)

.fini_array     0x080073dc        0x4
                0x080073dc                . = ALIGN (0x4)
                0x080073dc                PROVIDE (__fini_array_start = .)
 *(SORT_BY_NAME(.fini_array.*))
 *(.fini_array*)
 .fini_array    0x080073dc        0x4 c:/program files (x86)/gnu arm embedded toolchain/10 2021.10/bin/../lib/gcc/arm-none-eabi/10.3.1/thumb/v7e-m+fp/hard/crtbegin.o
                0x080073e0                PROVIDE (__fini_array_end = .)
                0x080073e0                . = ALIGN (0x4)
                0x080073e0                _sidata = LOADADDR (.data)

.data           0x20000000      0x4ac load address 0x080073e0
                0x20000000                . = ALIGN (0x4)
                0x20000000                _sdata = .
 *(.data)
 .data          0x20000000        0x0 c:/program files (x86)/gnu arm embedded toolchain/10 2021.10/bin/../lib/gcc/arm-none-eabi/10.3.1/thumb/v7e-m+fp/hard/crti.o
 .data          0x20000000        0x4 c:/program files (x86)/gnu arm embedded toolchain/10 2021.10/bin/../lib/gcc/arm-none-eabi/10.3.1/thumb/v7e-m+fp/hard/crtbegin.o
                0x20000000                __dso_handle
 .data          0x20000004        0x0 c:/program files (x86)/gnu arm embedded toolchain/10 2021.10/bin/../lib/gcc/arm-none-eabi/10.3.1/../../../../arm-none-eabi/lib/thumb/v7e-m+fp/hard/crt0.o
 .data          0x20000004        0x0 build/release/out/c/main.o
 .data          0x20000004        0x0 build/release/out/c/stm32l4xx_hal_msp.o
 .data          0x20000004        0x0 build/release/out/c/stm32l4xx_it.o
 .data          0x20000004        0x0 build/release/out/c/sys.o
 .data          0x20000004        0x4 build/release/out/c/syscalls.o
                0x20000004                environ
 .data          0x20000008        0x0 build/release/out/c/sysmem.o
 .data          0x20000008        0x4 build/release/out/c/system_stm32l4xx.o
                0x20000008                SystemCoreClock
 .data          0x2000000c        0x8 build/release/out/c/stm32l4xx_hal.o
                0x2000000c                uwTickFreq
                0x20000010                uwTickPrio
 .data          0x20000014        0x0 build/release/out/c/stm32l4xx_hal_cortex.o
 .data          0x20000014        0x0 build/release/out/c/stm32l4xx_hal_dma.o
 .data          0x20000014        0x0 build/release/out/c/stm32l4xx_hal_dma_ex.o
 .data          0x20000014        0x0 build/release/out/c/stm32l4xx_hal_exti.o
 .data          0x20000014       0x20 build/release/out/c/stm32l4xx_hal_flash.o
                0x20000014                pFlash
 .data          0x20000034        0x0 build/release/out/c/stm32l4xx_hal_flash_ex.o
 .data          0x20000034        0x0 build/release/out/c/stm32l4xx_hal_flash_ramfunc.o
 .data          0x20000034        0x0 build/release/out/c/stm32l4xx_hal_gpio.o
 .data          0x20000034        0x0 build/release/out/c/stm32l4xx_hal_i2c.o
 .data          0x20000034        0x0 build/release/out/c/stm32l4xx_hal_i2c_ex.o
 .data          0x20000034        0x0 build/release/out/c/stm32l4xx_hal_pwr.o
 .data          0x20000034        0x0 build/release/out/c/stm32l4xx_hal_pwr_ex.o
 .data          0x20000034        0x0 build/release/out/c/stm32l4xx_hal_rcc.o
 .data          0x20000034        0x0 build/release/out/c/stm32l4xx_hal_rcc_ex.o
 .data          0x20000034        0x0 build/release/out/c/stm32l4xx_hal_tim.o
 .data          0x20000034        0x0 build/release/out/c/stm32l4xx_hal_tim_ex.o
 .data          0x20000034        0x0 build/release/out/asm/startup_stm32l496agix.o
 .data          0x20000034        0x0 c:/program files (x86)/gnu arm embedded toolchain/10 2021.10/bin/../lib/gcc/arm-none-eabi/10.3.1/../../../../arm-none-eabi/lib/thumb/v7e-m+fp/hard\libg.a(lib_a-errno.o)
 .data          0x20000034        0x0 c:/program files (x86)/gnu arm embedded toolchain/10 2021.10/bin/../lib/gcc/arm-none-eabi/10.3.1/../../../../arm-none-eabi/lib/thumb/v7e-m+fp/hard\libg.a(lib_a-exit.o)
 .data          0x20000034        0x0 c:/program files (x86)/gnu arm embedded toolchain/10 2021.10/bin/../lib/gcc/arm-none-eabi/10.3.1/../../../../arm-none-eabi/lib/thumb/v7e-m+fp/hard\libg.a(lib_a-impure.o)
 .data          0x20000034        0x0 c:/program files (x86)/gnu arm embedded toolchain/10 2021.10/bin/../lib/gcc/arm-none-eabi/10.3.1/../../../../arm-none-eabi/lib/thumb/v7e-m+fp/hard\libg.a(lib_a-init.o)
 .data          0x20000034        0x0 c:/program files (x86)/gnu arm embedded toolchain/10 2021.10/bin/../lib/gcc/arm-none-eabi/10.3.1/../../../../arm-none-eabi/lib/thumb/v7e-m+fp/hard\libg.a(lib_a-memset.o)
 .data          0x20000034        0x0 c:/program files (x86)/gnu arm embedded toolchain/10 2021.10/bin/../lib/gcc/arm-none-eabi/10.3.1/../../../../arm-none-eabi/lib/thumb/v7e-m+fp/hard\libg.a(lib_a-__call_atexit.o)
 .data          0x20000034        0x0 c:/program files (x86)/gnu arm embedded toolchain/10 2021.10/bin/../lib/gcc/arm-none-eabi/10.3.1/../../../../arm-none-eabi/lib/thumb/v7e-m+fp/hard\libg.a(lib_a-atexit.o)
 .data          0x20000034        0x0 c:/program files (x86)/gnu arm embedded toolchain/10 2021.10/bin/../lib/gcc/arm-none-eabi/10.3.1/../../../../arm-none-eabi/lib/thumb/v7e-m+fp/hard\libg.a(lib_a-fini.o)
 .data          0x20000034        0x0 c:/program files (x86)/gnu arm embedded toolchain/10 2021.10/bin/../lib/gcc/arm-none-eabi/10.3.1/../../../../arm-none-eabi/lib/thumb/v7e-m+fp/hard\libg.a(lib_a-lock.o)
 .data          0x20000034        0x0 c:/program files (x86)/gnu arm embedded toolchain/10 2021.10/bin/../lib/gcc/arm-none-eabi/10.3.1/../../../../arm-none-eabi/lib/thumb/v7e-m+fp/hard\libg.a(lib_a-__atexit.o)
 .data          0x20000034        0x0 c:/program files (x86)/gnu arm embedded toolchain/10 2021.10/bin/../lib/gcc/arm-none-eabi/10.3.1/thumb/v7e-m+fp/hard/crtend.o
 .data          0x20000034        0x0 c:/program files (x86)/gnu arm embedded toolchain/10 2021.10/bin/../lib/gcc/arm-none-eabi/10.3.1/thumb/v7e-m+fp/hard/crtn.o
 *(.data*)
 .data._impure_ptr
                0x20000034        0x4 c:/program files (x86)/gnu arm embedded toolchain/10 2021.10/bin/../lib/gcc/arm-none-eabi/10.3.1/../../../../arm-none-eabi/lib/thumb/v7e-m+fp/hard\libg.a(lib_a-impure.o)
                0x20000034                _impure_ptr
 .data.impure_data
                0x20000038      0x428 c:/program files (x86)/gnu arm embedded toolchain/10 2021.10/bin/../lib/gcc/arm-none-eabi/10.3.1/../../../../arm-none-eabi/lib/thumb/v7e-m+fp/hard\libg.a(lib_a-impure.o)
 .data.__atexit_recursive_mutex
                0x20000460        0x4 c:/program files (x86)/gnu arm embedded toolchain/10 2021.10/bin/../lib/gcc/arm-none-eabi/10.3.1/../../../../arm-none-eabi/lib/thumb/v7e-m+fp/hard\libg.a(lib_a-__call_atexit.o)
                0x20000460                __atexit_recursive_mutex
 *(.RamFunc)
 .RamFunc       0x20000464       0x48 build/release/out/c/stm32l4xx_hal_flash_ramfunc.o
                0x20000464                HAL_FLASHEx_EnableRunPowerDown
                0x20000488                HAL_FLASHEx_DisableRunPowerDown
 *(.RamFunc*)
                0x200004ac                . = ALIGN (0x4)
                0x200004ac                _edata = .

.igot.plt       0x200004ac        0x0 load address 0x0800788c
 .igot.plt      0x200004ac        0x0 c:/program files (x86)/gnu arm embedded toolchain/10 2021.10/bin/../lib/gcc/arm-none-eabi/10.3.1/thumb/v7e-m+fp/hard/crtbegin.o
                0x200004ac                . = ALIGN (0x4)

.bss            0x200004ac       0x4c load address 0x0800788c
                0x200004ac                _sbss = .
                0x200004ac                __bss_start__ = _sbss
 *(.bss)
 .bss           0x200004ac        0x0 c:/program files (x86)/gnu arm embedded toolchain/10 2021.10/bin/../lib/gcc/arm-none-eabi/10.3.1/thumb/v7e-m+fp/hard/crti.o
 .bss           0x200004ac       0x1c c:/program files (x86)/gnu arm embedded toolchain/10 2021.10/bin/../lib/gcc/arm-none-eabi/10.3.1/thumb/v7e-m+fp/hard/crtbegin.o
 .bss           0x200004c8        0x0 c:/program files (x86)/gnu arm embedded toolchain/10 2021.10/bin/../lib/gcc/arm-none-eabi/10.3.1/../../../../arm-none-eabi/lib/thumb/v7e-m+fp/hard/crt0.o
 .bss           0x200004c8        0x0 build/release/out/c/main.o
 .bss           0x200004c8        0x0 build/release/out/c/stm32l4xx_hal_msp.o
 .bss           0x200004c8        0x0 build/release/out/c/stm32l4xx_it.o
 .bss           0x200004c8        0x0 build/release/out/c/sys.o
 .bss           0x200004c8        0x4 build/release/out/c/syscalls.o
                0x200004c8                __env
 .bss           0x200004cc        0x4 build/release/out/c/sysmem.o
 .bss           0x200004d0        0x0 build/release/out/c/system_stm32l4xx.o
 .bss           0x200004d0        0x4 build/release/out/c/stm32l4xx_hal.o
                0x200004d0                uwTick
 .bss           0x200004d4        0x0 build/release/out/c/stm32l4xx_hal_cortex.o
 .bss           0x200004d4        0x0 build/release/out/c/stm32l4xx_hal_dma.o
 .bss           0x200004d4        0x0 build/release/out/c/stm32l4xx_hal_dma_ex.o
 .bss           0x200004d4        0x0 build/release/out/c/stm32l4xx_hal_exti.o
 .bss           0x200004d4        0x0 build/release/out/c/stm32l4xx_hal_flash.o
 .bss           0x200004d4        0x0 build/release/out/c/stm32l4xx_hal_flash_ex.o
 .bss           0x200004d4        0x0 build/release/out/c/stm32l4xx_hal_flash_ramfunc.o
 .bss           0x200004d4        0x0 build/release/out/c/stm32l4xx_hal_gpio.o
 .bss           0x200004d4        0x0 build/release/out/c/stm32l4xx_hal_i2c.o
 .bss           0x200004d4        0x0 build/release/out/c/stm32l4xx_hal_i2c_ex.o
 .bss           0x200004d4        0x0 build/release/out/c/stm32l4xx_hal_pwr.o
 .bss           0x200004d4        0x0 build/release/out/c/stm32l4xx_hal_pwr_ex.o
 .bss           0x200004d4        0x0 build/release/out/c/stm32l4xx_hal_rcc.o
 .bss           0x200004d4        0x0 build/release/out/c/stm32l4xx_hal_rcc_ex.o
 .bss           0x200004d4        0x0 build/release/out/c/stm32l4xx_hal_tim.o
 .bss           0x200004d4        0x0 build/release/out/c/stm32l4xx_hal_tim_ex.o
 .bss           0x200004d4        0x0 build/release/out/asm/startup_stm32l496agix.o
 .bss           0x200004d4        0x0 c:/program files (x86)/gnu arm embedded toolchain/10 2021.10/bin/../lib/gcc/arm-none-eabi/10.3.1/../../../../arm-none-eabi/lib/thumb/v7e-m+fp/hard\libg.a(lib_a-errno.o)
 .bss           0x200004d4        0x0 c:/program files (x86)/gnu arm embedded toolchain/10 2021.10/bin/../lib/gcc/arm-none-eabi/10.3.1/../../../../arm-none-eabi/lib/thumb/v7e-m+fp/hard\libg.a(lib_a-exit.o)
 .bss           0x200004d4        0x0 c:/program files (x86)/gnu arm embedded toolchain/10 2021.10/bin/../lib/gcc/arm-none-eabi/10.3.1/../../../../arm-none-eabi/lib/thumb/v7e-m+fp/hard\libg.a(lib_a-impure.o)
 .bss           0x200004d4        0x0 c:/program files (x86)/gnu arm embedded toolchain/10 2021.10/bin/../lib/gcc/arm-none-eabi/10.3.1/../../../../arm-none-eabi/lib/thumb/v7e-m+fp/hard\libg.a(lib_a-init.o)
 .bss           0x200004d4        0x0 c:/program files (x86)/gnu arm embedded toolchain/10 2021.10/bin/../lib/gcc/arm-none-eabi/10.3.1/../../../../arm-none-eabi/lib/thumb/v7e-m+fp/hard\libg.a(lib_a-memset.o)
 .bss           0x200004d4        0x0 c:/program files (x86)/gnu arm embedded toolchain/10 2021.10/bin/../lib/gcc/arm-none-eabi/10.3.1/../../../../arm-none-eabi/lib/thumb/v7e-m+fp/hard\libg.a(lib_a-__call_atexit.o)
 .bss           0x200004d4        0x0 c:/program files (x86)/gnu arm embedded toolchain/10 2021.10/bin/../lib/gcc/arm-none-eabi/10.3.1/../../../../arm-none-eabi/lib/thumb/v7e-m+fp/hard\libg.a(lib_a-atexit.o)
 .bss           0x200004d4        0x0 c:/program files (x86)/gnu arm embedded toolchain/10 2021.10/bin/../lib/gcc/arm-none-eabi/10.3.1/../../../../arm-none-eabi/lib/thumb/v7e-m+fp/hard\libg.a(lib_a-fini.o)
 .bss           0x200004d4        0x0 c:/program files (x86)/gnu arm embedded toolchain/10 2021.10/bin/../lib/gcc/arm-none-eabi/10.3.1/../../../../arm-none-eabi/lib/thumb/v7e-m+fp/hard\libg.a(lib_a-lock.o)
 .bss           0x200004d4        0x0 c:/program files (x86)/gnu arm embedded toolchain/10 2021.10/bin/../lib/gcc/arm-none-eabi/10.3.1/../../../../arm-none-eabi/lib/thumb/v7e-m+fp/hard\libg.a(lib_a-__atexit.o)
 .bss           0x200004d4        0x0 c:/program files (x86)/gnu arm embedded toolchain/10 2021.10/bin/../lib/gcc/arm-none-eabi/10.3.1/thumb/v7e-m+fp/hard/crtend.o
 .bss           0x200004d4        0x0 c:/program files (x86)/gnu arm embedded toolchain/10 2021.10/bin/../lib/gcc/arm-none-eabi/10.3.1/thumb/v7e-m+fp/hard/crtn.o
 *(.bss*)
 .bss.__lock___arc4random_mutex
                0x200004d4        0x1 c:/program files (x86)/gnu arm embedded toolchain/10 2021.10/bin/../lib/gcc/arm-none-eabi/10.3.1/../../../../arm-none-eabi/lib/thumb/v7e-m+fp/hard\libg.a(lib_a-lock.o)
                0x200004d4                __lock___arc4random_mutex
 *fill*         0x200004d5        0x3 
 .bss.__lock___at_quick_exit_mutex
                0x200004d8        0x1 c:/program files (x86)/gnu arm embedded toolchain/10 2021.10/bin/../lib/gcc/arm-none-eabi/10.3.1/../../../../arm-none-eabi/lib/thumb/v7e-m+fp/hard\libg.a(lib_a-lock.o)
                0x200004d8                __lock___at_quick_exit_mutex
 *fill*         0x200004d9        0x3 
 .bss.__lock___atexit_recursive_mutex
                0x200004dc        0x1 c:/program files (x86)/gnu arm embedded toolchain/10 2021.10/bin/../lib/gcc/arm-none-eabi/10.3.1/../../../../arm-none-eabi/lib/thumb/v7e-m+fp/hard\libg.a(lib_a-lock.o)
                0x200004dc                __lock___atexit_recursive_mutex
 *fill*         0x200004dd        0x3 
 .bss.__lock___dd_hash_mutex
                0x200004e0        0x1 c:/program files (x86)/gnu arm embedded toolchain/10 2021.10/bin/../lib/gcc/arm-none-eabi/10.3.1/../../../../arm-none-eabi/lib/thumb/v7e-m+fp/hard\libg.a(lib_a-lock.o)
                0x200004e0                __lock___dd_hash_mutex
 *fill*         0x200004e1        0x3 
 .bss.__lock___env_recursive_mutex
                0x200004e4        0x1 c:/program files (x86)/gnu arm embedded toolchain/10 2021.10/bin/../lib/gcc/arm-none-eabi/10.3.1/../../../../arm-none-eabi/lib/thumb/v7e-m+fp/hard\libg.a(lib_a-lock.o)
                0x200004e4                __lock___env_recursive_mutex
 *fill*         0x200004e5        0x3 
 .bss.__lock___malloc_recursive_mutex
                0x200004e8        0x1 c:/program files (x86)/gnu arm embedded toolchain/10 2021.10/bin/../lib/gcc/arm-none-eabi/10.3.1/../../../../arm-none-eabi/lib/thumb/v7e-m+fp/hard\libg.a(lib_a-lock.o)
                0x200004e8                __lock___malloc_recursive_mutex
 *fill*         0x200004e9        0x3 
 .bss.__lock___sfp_recursive_mutex
                0x200004ec        0x1 c:/program files (x86)/gnu arm embedded toolchain/10 2021.10/bin/../lib/gcc/arm-none-eabi/10.3.1/../../../../arm-none-eabi/lib/thumb/v7e-m+fp/hard\libg.a(lib_a-lock.o)
                0x200004ec                __lock___sfp_recursive_mutex
 *fill*         0x200004ed        0x3 
 .bss.__lock___sinit_recursive_mutex
                0x200004f0        0x1 c:/program files (x86)/gnu arm embedded toolchain/10 2021.10/bin/../lib/gcc/arm-none-eabi/10.3.1/../../../../arm-none-eabi/lib/thumb/v7e-m+fp/hard\libg.a(lib_a-lock.o)
                0x200004f0                __lock___sinit_recursive_mutex
 *fill*         0x200004f1        0x3 
 .bss.__lock___tz_mutex
                0x200004f4        0x1 c:/program files (x86)/gnu arm embedded toolchain/10 2021.10/bin/../lib/gcc/arm-none-eabi/10.3.1/../../../../arm-none-eabi/lib/thumb/v7e-m+fp/hard\libg.a(lib_a-lock.o)
                0x200004f4                __lock___tz_mutex
 *(COMMON)
                0x200004f8                . = ALIGN (0x4)
 *fill*         0x200004f5        0x3 
                0x200004f8                _ebss = .
                0x200004f8                __bss_end__ = _ebss

._user_heap_stack
                0x200004f8      0x600 load address 0x0800788c
                0x200004f8                . = ALIGN (0x8)
                [!provide]                PROVIDE (end = .)
                0x200004f8                PROVIDE (_end = .)
                0x200006f8                . = (. + _Min_Heap_Size)
 *fill*         0x200004f8      0x200 
                0x20000af8                . = (. + _Min_Stack_Size)
 *fill*         0x200006f8      0x400 
                0x20000af8                . = ALIGN (0x8)

/DISCARD/
 libc.a(*)
 libm.a(*)
 libgcc.a(*)

.ARM.attributes
                0x00000000       0x30
 *(.ARM.attributes)
 .ARM.attributes
                0x00000000       0x1e c:/program files (x86)/gnu arm embedded toolchain/10 2021.10/bin/../lib/gcc/arm-none-eabi/10.3.1/thumb/v7e-m+fp/hard/crti.o
 .ARM.attributes
                0x0000001e       0x34 c:/program files (x86)/gnu arm embedded toolchain/10 2021.10/bin/../lib/gcc/arm-none-eabi/10.3.1/thumb/v7e-m+fp/hard/crtbegin.o
 .ARM.attributes
                0x00000052       0x1c c:/program files (x86)/gnu arm embedded toolchain/10 2021.10/bin/../lib/gcc/arm-none-eabi/10.3.1/../../../../arm-none-eabi/lib/thumb/v7e-m+fp/hard/crt0.o
 .ARM.attributes
                0x0000006e       0x34 build/release/out/c/main.o
 .ARM.attributes
                0x000000a2       0x34 build/release/out/c/stm32l4xx_hal_msp.o
 .ARM.attributes
                0x000000d6       0x34 build/release/out/c/stm32l4xx_it.o
 .ARM.attributes
                0x0000010a       0x34 build/release/out/c/sys.o
 .ARM.attributes
                0x0000013e       0x34 build/release/out/c/syscalls.o
 .ARM.attributes
                0x00000172       0x34 build/release/out/c/sysmem.o
 .ARM.attributes
                0x000001a6       0x34 build/release/out/c/system_stm32l4xx.o
 .ARM.attributes
                0x000001da       0x34 build/release/out/c/stm32l4xx_hal.o
 .ARM.attributes
                0x0000020e       0x34 build/release/out/c/stm32l4xx_hal_cortex.o
 .ARM.attributes
                0x00000242       0x34 build/release/out/c/stm32l4xx_hal_dma.o
 .ARM.attributes
                0x00000276       0x34 build/release/out/c/stm32l4xx_hal_dma_ex.o
 .ARM.attributes
                0x000002aa       0x34 build/release/out/c/stm32l4xx_hal_exti.o
 .ARM.attributes
                0x000002de       0x34 build/release/out/c/stm32l4xx_hal_flash.o
 .ARM.attributes
                0x00000312       0x34 build/release/out/c/stm32l4xx_hal_flash_ex.o
 .ARM.attributes
                0x00000346       0x34 build/release/out/c/stm32l4xx_hal_flash_ramfunc.o
 .ARM.attributes
                0x0000037a       0x34 build/release/out/c/stm32l4xx_hal_gpio.o
 .ARM.attributes
                0x000003ae       0x34 build/release/out/c/stm32l4xx_hal_i2c.o
 .ARM.attributes
                0x000003e2       0x34 build/release/out/c/stm32l4xx_hal_i2c_ex.o
 .ARM.attributes
                0x00000416       0x34 build/release/out/c/stm32l4xx_hal_pwr.o
 .ARM.attributes
                0x0000044a       0x34 build/release/out/c/stm32l4xx_hal_pwr_ex.o
 .ARM.attributes
                0x0000047e       0x34 build/release/out/c/stm32l4xx_hal_rcc.o
 .ARM.attributes
                0x000004b2       0x34 build/release/out/c/stm32l4xx_hal_rcc_ex.o
 .ARM.attributes
                0x000004e6       0x34 build/release/out/c/stm32l4xx_hal_tim.o
 .ARM.attributes
                0x0000051a       0x34 build/release/out/c/stm32l4xx_hal_tim_ex.o
 .ARM.attributes
                0x0000054e       0x21 build/release/out/asm/startup_stm32l496agix.o
 .ARM.attributes
                0x0000056f       0x34 c:/program files (x86)/gnu arm embedded toolchain/10 2021.10/bin/../lib/gcc/arm-none-eabi/10.3.1/../../../../arm-none-eabi/lib/thumb/v7e-m+fp/hard\libg.a(lib_a-errno.o)
 .ARM.attributes
                0x000005a3       0x34 c:/program files (x86)/gnu arm embedded toolchain/10 2021.10/bin/../lib/gcc/arm-none-eabi/10.3.1/../../../../arm-none-eabi/lib/thumb/v7e-m+fp/hard\libg.a(lib_a-exit.o)
 .ARM.attributes
                0x000005d7       0x34 c:/program files (x86)/gnu arm embedded toolchain/10 2021.10/bin/../lib/gcc/arm-none-eabi/10.3.1/../../../../arm-none-eabi/lib/thumb/v7e-m+fp/hard\libg.a(lib_a-impure.o)
 .ARM.attributes
                0x0000060b       0x34 c:/program files (x86)/gnu arm embedded toolchain/10 2021.10/bin/../lib/gcc/arm-none-eabi/10.3.1/../../../../arm-none-eabi/lib/thumb/v7e-m+fp/hard\libg.a(lib_a-init.o)
 .ARM.attributes
                0x0000063f       0x34 c:/program files (x86)/gnu arm embedded toolchain/10 2021.10/bin/../lib/gcc/arm-none-eabi/10.3.1/../../../../arm-none-eabi/lib/thumb/v7e-m+fp/hard\libg.a(lib_a-memset.o)
 .ARM.attributes
                0x00000673       0x34 c:/program files (x86)/gnu arm embedded toolchain/10 2021.10/bin/../lib/gcc/arm-none-eabi/10.3.1/../../../../arm-none-eabi/lib/thumb/v7e-m+fp/hard\libg.a(lib_a-__call_atexit.o)
 .ARM.attributes
                0x000006a7       0x34 c:/program files (x86)/gnu arm embedded toolchain/10 2021.10/bin/../lib/gcc/arm-none-eabi/10.3.1/../../../../arm-none-eabi/lib/thumb/v7e-m+fp/hard\libg.a(lib_a-atexit.o)
 .ARM.attributes
                0x000006db       0x34 c:/program files (x86)/gnu arm embedded toolchain/10 2021.10/bin/../lib/gcc/arm-none-eabi/10.3.1/../../../../arm-none-eabi/lib/thumb/v7e-m+fp/hard\libg.a(lib_a-fini.o)
 .ARM.attributes
                0x0000070f       0x34 c:/program files (x86)/gnu arm embedded toolchain/10 2021.10/bin/../lib/gcc/arm-none-eabi/10.3.1/../../../../arm-none-eabi/lib/thumb/v7e-m+fp/hard\libg.a(lib_a-lock.o)
 .ARM.attributes
                0x00000743       0x34 c:/program files (x86)/gnu arm embedded toolchain/10 2021.10/bin/../lib/gcc/arm-none-eabi/10.3.1/../../../../arm-none-eabi/lib/thumb/v7e-m+fp/hard\libg.a(lib_a-__atexit.o)
 .ARM.attributes
                0x00000777       0x34 c:/program files (x86)/gnu arm embedded toolchain/10 2021.10/bin/../lib/gcc/arm-none-eabi/10.3.1/thumb/v7e-m+fp/hard/crtend.o
 .ARM.attributes
                0x000007ab       0x1e c:/program files (x86)/gnu arm embedded toolchain/10 2021.10/bin/../lib/gcc/arm-none-eabi/10.3.1/thumb/v7e-m+fp/hard/crtn.o
OUTPUT(build/release/stmBase.elf elf32-littlearm)
LOAD linker stubs
LOAD c:/program files (x86)/gnu arm embedded toolchain/10 2021.10/bin/../lib/gcc/arm-none-eabi/10.3.1/../../../../arm-none-eabi/lib/thumb/v7e-m+fp/hard\libc.a
LOAD c:/program files (x86)/gnu arm embedded toolchain/10 2021.10/bin/../lib/gcc/arm-none-eabi/10.3.1/../../../../arm-none-eabi/lib/thumb/v7e-m+fp/hard\libm.a
LOAD c:/program files (x86)/gnu arm embedded toolchain/10 2021.10/bin/../lib/gcc/arm-none-eabi/10.3.1/thumb/v7e-m+fp/hard\libgcc.a

.debug_info     0x00000000     0xe32b
 .debug_info    0x00000000       0xa5 build/release/out/c/main.o
 .debug_info    0x000000a5      0x31c build/release/out/c/stm32l4xx_hal_msp.o
 .debug_info    0x000003c1      0x122 build/release/out/c/stm32l4xx_it.o
 .debug_info    0x000004e3      0x7e2 build/release/out/c/syscalls.o
 .debug_info    0x00000cc5      0x174 build/release/out/c/sysmem.o
 .debug_info    0x00000e39      0x5fc build/release/out/c/system_stm32l4xx.o
 .debug_info    0x00001435      0xc7f build/release/out/c/stm32l4xx_hal.o
 .debug_info    0x000020b4     0x10c4 build/release/out/c/stm32l4xx_hal_cortex.o
 .debug_info    0x00003178      0x885 build/release/out/c/stm32l4xx_hal_dma.o
 .debug_info    0x000039fd       0x6b build/release/out/c/stm32l4xx_hal_dma_ex.o
 .debug_info    0x00003a68      0x797 build/release/out/c/stm32l4xx_hal_exti.o
 .debug_info    0x000041ff      0x911 build/release/out/c/stm32l4xx_hal_flash.o
 .debug_info    0x00004b10      0xbda build/release/out/c/stm32l4xx_hal_flash_ex.o
 .debug_info    0x000056ea      0x211 build/release/out/c/stm32l4xx_hal_flash_ramfunc.o
 .debug_info    0x000058fb      0x870 build/release/out/c/stm32l4xx_hal_gpio.o
 .debug_info    0x0000616b     0x3dc2 build/release/out/c/stm32l4xx_hal_i2c.o
 .debug_info    0x00009f2d      0xa76 build/release/out/c/stm32l4xx_hal_i2c_ex.o
 .debug_info    0x0000a9a3      0x9c3 build/release/out/c/stm32l4xx_hal_pwr.o
 .debug_info    0x0000b366      0xaed build/release/out/c/stm32l4xx_hal_pwr_ex.o
 .debug_info    0x0000be53      0xf78 build/release/out/c/stm32l4xx_hal_rcc.o
 .debug_info    0x0000cdcb     0x1468 build/release/out/c/stm32l4xx_hal_rcc_ex.o
 .debug_info    0x0000e233       0x6b build/release/out/c/stm32l4xx_hal_tim.o
 .debug_info    0x0000e29e       0x6b build/release/out/c/stm32l4xx_hal_tim_ex.o
 .debug_info    0x0000e309       0x22 build/release/out/asm/startup_stm32l496agix.o

.debug_abbrev   0x00000000     0x27f7
 .debug_abbrev  0x00000000       0x6b build/release/out/c/main.o
 .debug_abbrev  0x0000006b       0xbd build/release/out/c/stm32l4xx_hal_msp.o
 .debug_abbrev  0x00000128       0xb5 build/release/out/c/stm32l4xx_it.o
 .debug_abbrev  0x000001dd      0x1e4 build/release/out/c/syscalls.o
 .debug_abbrev  0x000003c1       0xe7 build/release/out/c/sysmem.o
 .debug_abbrev  0x000004a8      0x119 build/release/out/c/system_stm32l4xx.o
 .debug_abbrev  0x000005c1      0x2aa build/release/out/c/stm32l4xx_hal.o
 .debug_abbrev  0x0000086b      0x36f build/release/out/c/stm32l4xx_hal_cortex.o
 .debug_abbrev  0x00000bda      0x23f build/release/out/c/stm32l4xx_hal_dma.o
 .debug_abbrev  0x00000e19       0x26 build/release/out/c/stm32l4xx_hal_dma_ex.o
 .debug_abbrev  0x00000e3f      0x1ae build/release/out/c/stm32l4xx_hal_exti.o
 .debug_abbrev  0x00000fed      0x383 build/release/out/c/stm32l4xx_hal_flash.o
 .debug_abbrev  0x00001370      0x29f build/release/out/c/stm32l4xx_hal_flash_ex.o
 .debug_abbrev  0x0000160f       0xca build/release/out/c/stm32l4xx_hal_flash_ramfunc.o
 .debug_abbrev  0x000016d9      0x1e4 build/release/out/c/stm32l4xx_hal_gpio.o
 .debug_abbrev  0x000018bd      0x393 build/release/out/c/stm32l4xx_hal_i2c.o
 .debug_abbrev  0x00001c50      0x1b4 build/release/out/c/stm32l4xx_hal_i2c_ex.o
 .debug_abbrev  0x00001e04      0x195 build/release/out/c/stm32l4xx_hal_pwr.o
 .debug_abbrev  0x00001f99      0x2ba build/release/out/c/stm32l4xx_hal_pwr_ex.o
 .debug_abbrev  0x00002253      0x27e build/release/out/c/stm32l4xx_hal_rcc.o
 .debug_abbrev  0x000024d1      0x2c8 build/release/out/c/stm32l4xx_hal_rcc_ex.o
 .debug_abbrev  0x00002799       0x26 build/release/out/c/stm32l4xx_hal_tim.o
 .debug_abbrev  0x000027bf       0x26 build/release/out/c/stm32l4xx_hal_tim_ex.o
 .debug_abbrev  0x000027e5       0x12 build/release/out/asm/startup_stm32l496agix.o

.debug_aranges  0x00000000      0x300
 .debug_aranges
                0x00000000       0x28 build/release/out/c/main.o
 .debug_aranges
                0x00000028       0x20 build/release/out/c/stm32l4xx_hal_msp.o
 .debug_aranges
                0x00000048       0x20 build/release/out/c/stm32l4xx_it.o
 .debug_aranges
                0x00000068       0x20 build/release/out/c/syscalls.o
 .debug_aranges
                0x00000088       0x20 build/release/out/c/sysmem.o
 .debug_aranges
                0x000000a8       0x20 build/release/out/c/system_stm32l4xx.o
 .debug_aranges
                0x000000c8       0x20 build/release/out/c/stm32l4xx_hal.o
 .debug_aranges
                0x000000e8       0x20 build/release/out/c/stm32l4xx_hal_cortex.o
 .debug_aranges
                0x00000108       0x20 build/release/out/c/stm32l4xx_hal_dma.o
 .debug_aranges
                0x00000128       0x18 build/release/out/c/stm32l4xx_hal_dma_ex.o
 .debug_aranges
                0x00000140       0x20 build/release/out/c/stm32l4xx_hal_exti.o
 .debug_aranges
                0x00000160       0x20 build/release/out/c/stm32l4xx_hal_flash.o
 .debug_aranges
                0x00000180       0x20 build/release/out/c/stm32l4xx_hal_flash_ex.o
 .debug_aranges
                0x000001a0       0x28 build/release/out/c/stm32l4xx_hal_flash_ramfunc.o
 .debug_aranges
                0x000001c8       0x20 build/release/out/c/stm32l4xx_hal_gpio.o
 .debug_aranges
                0x000001e8       0x20 build/release/out/c/stm32l4xx_hal_i2c.o
 .debug_aranges
                0x00000208       0x20 build/release/out/c/stm32l4xx_hal_i2c_ex.o
 .debug_aranges
                0x00000228       0x20 build/release/out/c/stm32l4xx_hal_pwr.o
 .debug_aranges
                0x00000248       0x20 build/release/out/c/stm32l4xx_hal_pwr_ex.o
 .debug_aranges
                0x00000268       0x20 build/release/out/c/stm32l4xx_hal_rcc.o
 .debug_aranges
                0x00000288       0x20 build/release/out/c/stm32l4xx_hal_rcc_ex.o
 .debug_aranges
                0x000002a8       0x18 build/release/out/c/stm32l4xx_hal_tim.o
 .debug_aranges
                0x000002c0       0x18 build/release/out/c/stm32l4xx_hal_tim_ex.o
 .debug_aranges
                0x000002d8       0x28 build/release/out/asm/startup_stm32l496agix.o

.debug_ranges   0x00000000      0x3b8
 .debug_ranges  0x00000000       0x18 build/release/out/c/main.o
 .debug_ranges  0x00000018       0x18 build/release/out/c/stm32l4xx_hal_msp.o
 .debug_ranges  0x00000030       0x18 build/release/out/c/syscalls.o
 .debug_ranges  0x00000048       0xb8 build/release/out/c/stm32l4xx_hal_cortex.o
 .debug_ranges  0x00000100       0x18 build/release/out/c/stm32l4xx_hal_dma.o
 .debug_ranges  0x00000118       0x18 build/release/out/c/stm32l4xx_hal_flash.o
 .debug_ranges  0x00000130       0xf8 build/release/out/c/stm32l4xx_hal_flash_ex.o
 .debug_ranges  0x00000228       0x18 build/release/out/c/stm32l4xx_hal_flash_ramfunc.o
 .debug_ranges  0x00000240       0x20 build/release/out/c/stm32l4xx_hal_gpio.o
 .debug_ranges  0x00000260       0x80 build/release/out/c/stm32l4xx_hal_i2c.o
 .debug_ranges  0x000002e0       0x40 build/release/out/c/stm32l4xx_hal_i2c_ex.o
 .debug_ranges  0x00000320       0x18 build/release/out/c/stm32l4xx_hal_pwr_ex.o
 .debug_ranges  0x00000338       0x20 build/release/out/c/stm32l4xx_hal_rcc.o
 .debug_ranges  0x00000358       0x40 build/release/out/c/stm32l4xx_hal_rcc_ex.o
 .debug_ranges  0x00000398       0x20 build/release/out/asm/startup_stm32l496agix.o

.debug_line     0x00000000     0xba79
 .debug_line    0x00000000       0x63 build/release/out/c/main.o
 .debug_line    0x00000063      0x172 build/release/out/c/stm32l4xx_hal_msp.o
 .debug_line    0x000001d5      0x11b build/release/out/c/stm32l4xx_it.o
 .debug_line    0x000002f0        0x0 build/release/out/c/sys.o
 .debug_line    0x000002f0      0x33b build/release/out/c/syscalls.o
 .debug_line    0x0000062b      0x1e6 build/release/out/c/sysmem.o
 .debug_line    0x00000811      0x2b8 build/release/out/c/system_stm32l4xx.o
 .debug_line    0x00000ac9      0x514 build/release/out/c/stm32l4xx_hal.o
 .debug_line    0x00000fdd      0x6c7 build/release/out/c/stm32l4xx_hal_cortex.o
 .debug_line    0x000016a4      0x9c1 build/release/out/c/stm32l4xx_hal_dma.o
 .debug_line    0x00002065       0x1d build/release/out/c/stm32l4xx_hal_dma_ex.o
 .debug_line    0x00002082      0x68f build/release/out/c/stm32l4xx_hal_exti.o
 .debug_line    0x00002711      0x790 build/release/out/c/stm32l4xx_hal_flash.o
 .debug_line    0x00002ea1      0xaf3 build/release/out/c/stm32l4xx_hal_flash_ex.o
 .debug_line    0x00003994      0x1cc build/release/out/c/stm32l4xx_hal_flash_ramfunc.o
 .debug_line    0x00003b60      0x6a6 build/release/out/c/stm32l4xx_hal_gpio.o
 .debug_line    0x00004206     0x46d5 build/release/out/c/stm32l4xx_hal_i2c.o
 .debug_line    0x000088db      0x491 build/release/out/c/stm32l4xx_hal_i2c_ex.o
 .debug_line    0x00008d6c      0x346 build/release/out/c/stm32l4xx_hal_pwr.o
 .debug_line    0x000090b2      0x73a build/release/out/c/stm32l4xx_hal_pwr_ex.o
 .debug_line    0x000097ec      0xdd4 build/release/out/c/stm32l4xx_hal_rcc.o
 .debug_line    0x0000a5c0     0x1400 build/release/out/c/stm32l4xx_hal_rcc_ex.o
 .debug_line    0x0000b9c0       0x1d build/release/out/c/stm32l4xx_hal_tim.o
 .debug_line    0x0000b9dd       0x1d build/release/out/c/stm32l4xx_hal_tim_ex.o
 .debug_line    0x0000b9fa       0x7f build/release/out/asm/startup_stm32l496agix.o

.debug_str      0x00000000     0x425b
 .debug_str     0x00000000      0x11f build/release/out/c/main.o
                                0x153 (size before relaxing)
 .debug_str     0x0000011f      0x18b build/release/out/c/stm32l4xx_hal_msp.o
                                0x2d4 (size before relaxing)
 .debug_str     0x000002aa       0xb3 build/release/out/c/stm32l4xx_it.o
                                0x1ee (size before relaxing)
 .debug_str     0x0000035d        0xe build/release/out/c/sys.o
                                 0xb9 (size before relaxing)
 .debug_str     0x0000036b      0x214 build/release/out/c/syscalls.o
                                0x3b8 (size before relaxing)
 .debug_str     0x0000057f       0x7b build/release/out/c/sysmem.o
                                0x1e4 (size before relaxing)
 .debug_str     0x000005fa       0xee build/release/out/c/system_stm32l4xx.o
                                0x399 (size before relaxing)
 .debug_str     0x000006e8      0xa2a build/release/out/c/stm32l4xx_hal.o
                                0xd2c (size before relaxing)
 .debug_str     0x00001112      0x447 build/release/out/c/stm32l4xx_hal_cortex.o
                                0xc4b (size before relaxing)
 .debug_str     0x00001559      0x411 build/release/out/c/stm32l4xx_hal_dma.o
                                0x5ff (size before relaxing)
 .debug_str     0x0000196a       0x34 build/release/out/c/stm32l4xx_hal_dma_ex.o
                                0x16f (size before relaxing)
 .debug_str     0x0000199e      0x234 build/release/out/c/stm32l4xx_hal_exti.o
                                0x424 (size before relaxing)
 .debug_str     0x00001bd2      0x3ec build/release/out/c/stm32l4xx_hal_flash.o
                                0x621 (size before relaxing)
 .debug_str     0x00001fbe      0x26b build/release/out/c/stm32l4xx_hal_flash_ex.o
                                0x6a5 (size before relaxing)
 .debug_str     0x00002229       0x7a build/release/out/c/stm32l4xx_hal_flash_ramfunc.o
                                0x281 (size before relaxing)
 .debug_str     0x000022a3      0x180 build/release/out/c/stm32l4xx_hal_gpio.o
                                0x50a (size before relaxing)
 .debug_str     0x00002423      0xb17 build/release/out/c/stm32l4xx_hal_i2c.o
                                0xf44 (size before relaxing)
 .debug_str     0x00002f3a       0xec build/release/out/c/stm32l4xx_hal_i2c_ex.o
                                0x8c9 (size before relaxing)
 .debug_str     0x00003026      0x2ee build/release/out/c/stm32l4xx_hal_pwr.o
                                0x683 (size before relaxing)
 .debug_str     0x00003314      0x44d build/release/out/c/stm32l4xx_hal_pwr_ex.o
                                0x7dc (size before relaxing)
 .debug_str     0x00003761      0x326 build/release/out/c/stm32l4xx_hal_rcc.o
                                0x84f (size before relaxing)
 .debug_str     0x00003a87      0x741 build/release/out/c/stm32l4xx_hal_rcc_ex.o
                                0xcad (size before relaxing)
 .debug_str     0x000041c8       0x31 build/release/out/c/stm32l4xx_hal_tim.o
                                0x16c (size before relaxing)
 .debug_str     0x000041f9       0x34 build/release/out/c/stm32l4xx_hal_tim_ex.o
                                0x16f (size before relaxing)
 .debug_str     0x0000422d       0x2e build/release/out/asm/startup_stm32l496agix.o
                                 0x62 (size before relaxing)

.comment        0x00000000       0x49
 .comment       0x00000000       0x49 build/release/out/c/main.o
                                 0x4a (size before relaxing)
 .comment       0x00000049       0x4a build/release/out/c/stm32l4xx_hal_msp.o
 .comment       0x00000049       0x4a build/release/out/c/stm32l4xx_it.o
 .comment       0x00000049       0x4a build/release/out/c/sys.o
 .comment       0x00000049       0x4a build/release/out/c/syscalls.o
 .comment       0x00000049       0x4a build/release/out/c/sysmem.o
 .comment       0x00000049       0x4a build/release/out/c/system_stm32l4xx.o
 .comment       0x00000049       0x4a build/release/out/c/stm32l4xx_hal.o
 .comment       0x00000049       0x4a build/release/out/c/stm32l4xx_hal_cortex.o
 .comment       0x00000049       0x4a build/release/out/c/stm32l4xx_hal_dma.o
 .comment       0x00000049       0x4a build/release/out/c/stm32l4xx_hal_dma_ex.o
 .comment       0x00000049       0x4a build/release/out/c/stm32l4xx_hal_exti.o
 .comment       0x00000049       0x4a build/release/out/c/stm32l4xx_hal_flash.o
 .comment       0x00000049       0x4a build/release/out/c/stm32l4xx_hal_flash_ex.o
 .comment       0x00000049       0x4a build/release/out/c/stm32l4xx_hal_flash_ramfunc.o
 .comment       0x00000049       0x4a build/release/out/c/stm32l4xx_hal_gpio.o
 .comment       0x00000049       0x4a build/release/out/c/stm32l4xx_hal_i2c.o
 .comment       0x00000049       0x4a build/release/out/c/stm32l4xx_hal_i2c_ex.o
 .comment       0x00000049       0x4a build/release/out/c/stm32l4xx_hal_pwr.o
 .comment       0x00000049       0x4a build/release/out/c/stm32l4xx_hal_pwr_ex.o
 .comment       0x00000049       0x4a build/release/out/c/stm32l4xx_hal_rcc.o
 .comment       0x00000049       0x4a build/release/out/c/stm32l4xx_hal_rcc_ex.o
 .comment       0x00000049       0x4a build/release/out/c/stm32l4xx_hal_tim.o
 .comment       0x00000049       0x4a build/release/out/c/stm32l4xx_hal_tim_ex.o

.debug_frame    0x00000000     0x1f7c
 .debug_frame   0x00000000       0x30 build/release/out/c/main.o
 .debug_frame   0x00000030       0x28 build/release/out/c/stm32l4xx_hal_msp.o
 .debug_frame   0x00000058       0xa0 build/release/out/c/stm32l4xx_it.o
 .debug_frame   0x000000f8      0x190 build/release/out/c/syscalls.o
 .debug_frame   0x00000288       0x28 build/release/out/c/sysmem.o
 .debug_frame   0x000002b0       0x3c build/release/out/c/system_stm32l4xx.o
 .debug_frame   0x000002ec      0x280 build/release/out/c/stm32l4xx_hal.o
 .debug_frame   0x0000056c      0x158 build/release/out/c/stm32l4xx_hal_cortex.o
 .debug_frame   0x000006c4      0x148 build/release/out/c/stm32l4xx_hal_dma.o
 .debug_frame   0x0000080c       0xdc build/release/out/c/stm32l4xx_hal_exti.o
 .debug_frame   0x000008e8      0x11c build/release/out/c/stm32l4xx_hal_flash.o
 .debug_frame   0x00000a04       0xbc build/release/out/c/stm32l4xx_hal_flash_ex.o
 .debug_frame   0x00000ac0       0x30 build/release/out/c/stm32l4xx_hal_flash_ramfunc.o
 .debug_frame   0x00000af0       0xd4 build/release/out/c/stm32l4xx_hal_gpio.o
 .debug_frame   0x00000bc4      0x90c build/release/out/c/stm32l4xx_hal_i2c.o
 .debug_frame   0x000014d0       0x90 build/release/out/c/stm32l4xx_hal_i2c_ex.o
 .debug_frame   0x00001560      0x118 build/release/out/c/stm32l4xx_hal_pwr.o
 .debug_frame   0x00001678      0x288 build/release/out/c/stm32l4xx_hal_pwr_ex.o
 .debug_frame   0x00001900      0x160 build/release/out/c/stm32l4xx_hal_rcc.o
 .debug_frame   0x00001a60      0x2dc build/release/out/c/stm32l4xx_hal_rcc_ex.o
 .debug_frame   0x00001d3c       0x20 c:/program files (x86)/gnu arm embedded toolchain/10 2021.10/bin/../lib/gcc/arm-none-eabi/10.3.1/../../../../arm-none-eabi/lib/thumb/v7e-m+fp/hard\libg.a(lib_a-errno.o)
 .debug_frame   0x00001d5c       0x28 c:/program files (x86)/gnu arm embedded toolchain/10 2021.10/bin/../lib/gcc/arm-none-eabi/10.3.1/../../../../arm-none-eabi/lib/thumb/v7e-m+fp/hard\libg.a(lib_a-exit.o)
 .debug_frame   0x00001d84       0x2c c:/program files (x86)/gnu arm embedded toolchain/10 2021.10/bin/../lib/gcc/arm-none-eabi/10.3.1/../../../../arm-none-eabi/lib/thumb/v7e-m+fp/hard\libg.a(lib_a-init.o)
 .debug_frame   0x00001db0       0x2c c:/program files (x86)/gnu arm embedded toolchain/10 2021.10/bin/../lib/gcc/arm-none-eabi/10.3.1/../../../../arm-none-eabi/lib/thumb/v7e-m+fp/hard\libg.a(lib_a-memset.o)
 .debug_frame   0x00001ddc       0x68 c:/program files (x86)/gnu arm embedded toolchain/10 2021.10/bin/../lib/gcc/arm-none-eabi/10.3.1/../../../../arm-none-eabi/lib/thumb/v7e-m+fp/hard\libg.a(lib_a-__call_atexit.o)
 .debug_frame   0x00001e44       0x20 c:/program files (x86)/gnu arm embedded toolchain/10 2021.10/bin/../lib/gcc/arm-none-eabi/10.3.1/../../../../arm-none-eabi/lib/thumb/v7e-m+fp/hard\libg.a(lib_a-atexit.o)
 .debug_frame   0x00001e64       0x34 c:/program files (x86)/gnu arm embedded toolchain/10 2021.10/bin/../lib/gcc/arm-none-eabi/10.3.1/../../../../arm-none-eabi/lib/thumb/v7e-m+fp/hard\libg.a(lib_a-fini.o)
 .debug_frame   0x00001e98       0xb0 c:/program files (x86)/gnu arm embedded toolchain/10 2021.10/bin/../lib/gcc/arm-none-eabi/10.3.1/../../../../arm-none-eabi/lib/thumb/v7e-m+fp/hard\libg.a(lib_a-lock.o)
 .debug_frame   0x00001f48       0x34 c:/program files (x86)/gnu arm embedded toolchain/10 2021.10/bin/../lib/gcc/arm-none-eabi/10.3.1/../../../../arm-none-eabi/lib/thumb/v7e-m+fp/hard\libg.a(lib_a-__atexit.o)

.debug_loc      0x00000000     0x9223
 .debug_loc     0x00000000      0x45d build/release/out/c/syscalls.o
 .debug_loc     0x0000045d       0x47 build/release/out/c/sysmem.o
 .debug_loc     0x000004a4      0x10b build/release/out/c/system_stm32l4xx.o
 .debug_loc     0x000005af      0x242 build/release/out/c/stm32l4xx_hal.o
 .debug_loc     0x000007f1      0x5d3 build/release/out/c/stm32l4xx_hal_cortex.o
 .debug_loc     0x00000dc4      0x6af build/release/out/c/stm32l4xx_hal_dma.o
 .debug_loc     0x00001473      0x9c1 build/release/out/c/stm32l4xx_hal_exti.o
 .debug_loc     0x00001e34      0x4e6 build/release/out/c/stm32l4xx_hal_flash.o
 .debug_loc     0x0000231a      0x7d0 build/release/out/c/stm32l4xx_hal_flash_ex.o
 .debug_loc     0x00002aea      0x316 build/release/out/c/stm32l4xx_hal_gpio.o
 .debug_loc     0x00002e00     0x3e72 build/release/out/c/stm32l4xx_hal_i2c.o
 .debug_loc     0x00006c72      0x1d8 build/release/out/c/stm32l4xx_hal_i2c_ex.o
 .debug_loc     0x00006e4a      0x184 build/release/out/c/stm32l4xx_hal_pwr.o
 .debug_loc     0x00006fce      0x842 build/release/out/c/stm32l4xx_hal_pwr_ex.o
 .debug_loc     0x00007810      0x864 build/release/out/c/stm32l4xx_hal_rcc.o
 .debug_loc     0x00008074     0x11af build/release/out/c/stm32l4xx_hal_rcc_ex.o
